ARM Linker, 5.03 [Build 76] [MDK-ARM Professional]

==============================================================================

Section Cross References

    arm_startup_nrf51.o(STACK) refers (Special) to heapauxi.o(.text) for __use_two_region_memory
    arm_startup_nrf51.o(HEAP) refers (Special) to heapauxi.o(.text) for __use_two_region_memory
    arm_startup_nrf51.o(RESET) refers (Special) to heapauxi.o(.text) for __use_two_region_memory
    arm_startup_nrf51.o(RESET) refers to arm_startup_nrf51.o(STACK) for __initial_sp
    arm_startup_nrf51.o(RESET) refers to arm_startup_nrf51.o(.text) for Reset_Handler
    arm_startup_nrf51.o(RESET) refers to main.o(.text) for UART0_IRQHandler
    arm_startup_nrf51.o(RESET) refers to app_gpiote.o(.text) for GPIOTE_IRQHandler
    arm_startup_nrf51.o(RESET) refers to app_timer.o(.text) for RTC1_IRQHandler
    arm_startup_nrf51.o(RESET) refers to softdevice_handler.o(.text) for SWI2_IRQHandler
    arm_startup_nrf51.o(.text) refers (Special) to heapauxi.o(.text) for __use_two_region_memory
    arm_startup_nrf51.o(.text) refers to system_nrf51.o(.text) for SystemInit
    arm_startup_nrf51.o(.text) refers to __main.o(!!!main) for __main
    arm_startup_nrf51.o(.text) refers to arm_startup_nrf51.o(HEAP) for Heap_Mem
    arm_startup_nrf51.o(.text) refers to arm_startup_nrf51.o(STACK) for Stack_Mem
    system_nrf51.o(.text) refers to system_nrf51.o(.data) for SystemCoreClock
    main.o(.text) refers to app_timer.o(.text) for app_timer_init
    main.o(.text) refers to min_task_schedule.o(.text) for init_task_schedule
    main.o(.text) refers to at_cmd.o(.text) for get_ble_name
    main.o(.text) refers to strlen.o(.text) for strlen
    main.o(.text) refers to rt_memclr.o(.text) for __aeabi_memclr4
    main.o(.text) refers to ble_advdata.o(.text) for ble_advdata_set
    main.o(.text) refers to simple_uart.o(.text) for simple_uart_put
    main.o(.text) refers to ble_nus.o(.text) for ble_nus_init
    main.o(.text) refers to ble_conn_params.o(.text) for ble_conn_params_init
    main.o(.text) refers to user_ble_control.o(.text) for write_ble_status
    main.o(.text) refers to rt_memcpy.o(.text) for __aeabi_memcpy
    main.o(.text) refers to main.o(.bss) for APP_TIMER_BUF
    main.o(.text) refers to main.o(.constdata) for .constdata
    main.o(.text) refers to main.o(.data) for m_sec_params
    main.o(.text) refers to softdevice_handler.o(.text) for softdevice_handler_init
    main.o(.text) refers to app_scheduler.o(.text) for app_sched_init
    ble_srv_common.o(.text) refers to main.o(.text) for app_error_handler
    ble_srv_common.o(.text) refers to strlen.o(.text) for strlen
    ble_nus.o(.text) refers to rt_memclr.o(.text) for __aeabi_memclr4
    ble_advdata.o(.text) refers to rt_memcpy.o(.text) for __aeabi_memcpy
    ble_conn_params.o(.text) refers to rt_memcpy.o(.emb_text) for __aeabi_memcpy4
    ble_conn_params.o(.text) refers to rt_memcpy.o(.text) for __aeabi_memcpy
    ble_conn_params.o(.text) refers to app_timer.o(.text) for app_timer_create
    ble_conn_params.o(.text) refers to ble_conn_params.o(.data) for m_preferred_conn_params
    ble_conn_params.o(.text) refers to ble_conn_params.o(.bss) for m_conn_params_config
    softdevice_handler.o(.text) refers to main.o(.text) for assert_nrf_callback
    softdevice_handler.o(.text) refers to softdevice_handler.o(.data) for m_softdevice_enabled
    simple_uart.o(.text) refers to main.o(.text) for uart_reinit
    simple_uart.o(.text) refers to simple_uart.o(.emb_text) for __asm___13_simple_uart_c_5dda6715__nrf_delay_us
    app_timer.o(.text) refers to app_timer.o(.emb_text) for __asm___11_app_timer_c_cd27f9c3__nrf_delay_us
    app_timer.o(.text) refers to main.o(.text) for app_error_handler
    app_timer.o(.text) refers to app_timer.o(.data) for mp_nodes
    app_gpiote.o(.text) refers to rt_memclr.o(.text) for __aeabi_memclr4
    app_gpiote.o(.text) refers to app_gpiote.o(.data) for mp_users
    app_scheduler.o(.text) refers to main.o(.text) for app_error_handler
    app_scheduler.o(.text) refers to rt_memcpy.o(.text) for __aeabi_memcpy
    app_scheduler.o(.text) refers to app_scheduler.o(.data) for m_queue_event_headers
    at_cmd.o(.text) refers to _printf_percent.o(.ARM.Collect$$_printf_percent$$00000000) for _printf_percent
    at_cmd.o(.text) refers to _printf_x.o(.ARM.Collect$$_printf_percent$$0000000C) for _printf_x
    at_cmd.o(.text) refers to _printf_hex_int.o(.text) for _printf_longlong_hex
    at_cmd.o(.text) refers to strstr.o(.text) for strstr
    at_cmd.o(.text) refers to simple_uart.o(.text) for simple_uart_putstring
    at_cmd.o(.text) refers to aeabi_sdiv.o(.text) for __aeabi_uidivmod
    at_cmd.o(.text) refers to min_task_schedule.o(.text) for task_restart
    at_cmd.o(.text) refers to rt_memcpy.o(.emb_text) for __aeabi_memcpy4
    at_cmd.o(.text) refers to strcpy.o(.text) for strcpy
    at_cmd.o(.text) refers to strlen.o(.text) for strlen
[...]
    __printf.o(.text) refers to _printf_percent.o(.ARM.Collect$$_printf_percent$$00000000) for _printf_percent
    _printf_hex_ll.o(.text) refers to _printf_intcommon.o(.text) for _printf_int_common
    _printf_hex_ll.o(.text) refers to _printf_hex_ll.o(.constdata) for .constdata
    _printf_hex_int.o(.text) refers to _printf_intcommon.o(.text) for _printf_int_common
    _printf_hex_int.o(.text) refers to _printf_hex_int.o(.constdata) for .constdata
    _printf_hex_int_ll.o(.text) refers to _printf_intcommon.o(.text) for _printf_int_common
    _printf_hex_int_ll.o(.text) refers to _printf_hex_int_ll.o(.constdata) for .constdata
    _printf_hex_ptr.o(.text) refers to _printf_intcommon.o(.text) for _printf_int_common
    _printf_hex_ptr.o(.text) refers to _printf_hex_ptr.o(.constdata) for .constdata
    _printf_hex_int_ptr.o(.text) refers to _printf_intcommon.o(.text) for _printf_int_common
    _printf_hex_int_ptr.o(.text) refers to _printf_hex_int_ptr.o(.constdata) for .constdata
    _printf_hex_ll_ptr.o(.text) refers to _printf_intcommon.o(.text) for _printf_int_common
    _printf_hex_ll_ptr.o(.text) refers to _printf_hex_ll_ptr.o(.constdata) for .constdata
    _printf_hex_int_ll_ptr.o(.text) refers to _printf_intcommon.o(.text) for _printf_int_common
    _printf_hex_int_ll_ptr.o(.text) refers to _printf_hex_int_ll_ptr.o(.constdata) for .constdata
    __printf_flags.o(.text) refers to _printf_percent.o(.ARM.Collect$$_printf_percent$$00000000) for _printf_percent
    __printf_flags.o(.text) refers to __printf_flags.o(.constdata) for .constdata
    __printf_ss.o(.text) refers to _printf_percent.o(.ARM.Collect$$_printf_percent$$00000000) for _printf_percent
    __printf_flags_ss.o(.text) refers to _printf_percent.o(.ARM.Collect$$_printf_percent$$00000000) for _printf_percent
    __printf_flags_ss.o(.text) refers to __printf_flags_ss.o(.constdata) for .constdata
    __printf_wp.o(.text) refers to __printf_wp.o(i._is_digit) for _is_digit
    __printf_wp.o(.text) refers to _printf_percent.o(.ARM.Collect$$_printf_percent$$00000000) for _printf_percent
    __printf_flags_wp.o(.text) refers to __printf_wp.o(i._is_digit) for _is_digit
    __printf_flags_wp.o(.text) refers to _printf_percent.o(.ARM.Collect$$_printf_percent$$00000000) for _printf_percent
    __printf_flags_wp.o(.text) refers to __printf_flags_wp.o(.constdata) for .constdata
    __printf_ss_wp.o(.text) refers to __printf_wp.o(i._is_digit) for _is_digit
    __printf_ss_wp.o(.text) refers to _printf_percent.o(.ARM.Collect$$_printf_percent$$00000000) for _printf_percent
    __printf_flags_ss_wp.o(.text) refers to __printf_wp.o(i._is_digit) for _is_digit
    __printf_flags_ss_wp.o(.text) refers to _printf_percent.o(.ARM.Collect$$_printf_percent$$00000000) for _printf_percent
    __printf_flags_ss_wp.o(.text) refers to __printf_flags_ss_wp.o(.constdata) for .constdata
    _printf_x.o(.ARM.Collect$$_printf_percent$$0000000C) refers (Weak) to _printf_hex_int.o(.text) for _printf_int_hex
    _printf_percent.o(.ARM.Collect$$_printf_percent$$00000000) refers (Special) to _printf_percent_end.o(.ARM.Collect$$_printf_percent$$00000017) for _printf_percent_end
    rt_memcpy.o(.text) refers to rt_memcpy.o(.emb_text) for __aeabi_memcpy4
    __main.o(!!!main) refers to rtentry.o(.ARM.Collect$$rtentry$$00000000) for __rt_entry
    rtentry.o(.ARM.Collect$$rtentry$$00000000) refers (Special) to rtentry2.o(.ARM.Collect$$rtentry$$0000000A) for __rt_entry_li
    rtentry.o(.ARM.Collect$$rtentry$$00000000) refers (Special) to rtentry2.o(.ARM.Collect$$rtentry$$0000000D) for __rt_entry_main
    rtentry.o(.ARM.Collect$$rtentry$$00000000) refers (Special) to rtentry2.o(.ARM.Collect$$rtentry$$0000000C) for __rt_entry_postli_1
    rtentry.o(.ARM.Collect$$rtentry$$00000000) refers (Special) to rtentry2.o(.ARM.Collect$$rtentry$$00000009) for __rt_entry_postsh_1
    rtentry.o(.ARM.Collect$$rtentry$$00000000) refers (Special) to rtentry2.o(.ARM.Collect$$rtentry$$00000002) for __rt_entry_presh_1
    rtentry.o(.ARM.Collect$$rtentry$$00000000) refers (Special) to rtentry4.o(.ARM.Collect$$rtentry$$00000004) for __rt_entry_sh
    aeabi_idiv0_sigfpe.o(.text) refers to rt_div0.o(.text) for __rt_div0
    _printf_char_common.o(.text) refers to __printf.o(.text) for __printf
    rtentry2.o(.ARM.Collect$$rtentry$$00000008) refers to boardinit2.o(.text) for _platform_post_stackheap_init
    rtentry2.o(.ARM.Collect$$rtentry$$0000000A) refers to libinit.o(.ARM.Collect$$libinit$$00000000) for __rt_lib_init
    rtentry2.o(.ARM.Collect$$rtentry$$0000000B) refers to boardinit3.o(.text) for _platform_post_lib_init
    rtentry2.o(.ARM.Collect$$rtentry$$0000000D) refers to main.o(.text) for main
    rtentry2.o(.ARM.Collect$$rtentry$$0000000D) refers to exit.o(.text) for exit
    rtentry2.o(.ARM.exidx) refers to rtentry2.o(.ARM.Collect$$rtentry$$00000001) for .ARM.Collect$$rtentry$$00000001
    rtentry2.o(.ARM.exidx) refers to rtentry2.o(.ARM.Collect$$rtentry$$00000008) for .ARM.Collect$$rtentry$$00000008
    rtentry2.o(.ARM.exidx) refers to rtentry2.o(.ARM.Collect$$rtentry$$0000000A) for .ARM.Collect$$rtentry$$0000000A
    rtentry2.o(.ARM.exidx) refers to rtentry2.o(.ARM.Collect$$rtentry$$0000000B) for .ARM.Collect$$rtentry$$0000000B
    rtentry2.o(.ARM.exidx) refers to rtentry2.o(.ARM.Collect$$rtentry$$0000000D) for .ARM.Collect$$rtentry$$0000000D
    rtentry4.o(.ARM.Collect$$rtentry$$00000004) refers to sys_stackheap_outer.o(.text) for __user_setup_stackheap
    rtentry4.o(.ARM.exidx) refers to rtentry4.o(.ARM.Collect$$rtentry$$00000004) for .ARM.Collect$$rtentry$$00000004
    rt_div0.o(.text) refers to defsig_fpe_outer.o(.text) for __rt_SIGFPE
    sys_stackheap_outer.o(.text) refers to libspace.o(.text) for __user_perproc_libspace
    sys_stackheap_outer.o(.text) refers to arm_startup_nrf51.o(.text) for __user_initial_stackheap
    sys_stackheap_outer.o(__vectab_stack_and_reset_area) refers to tempstk.o(.text) for __temporary_stack_top
    sys_stackheap_outer.o(__vectab_stack_and_reset_area) refers to __main.o(!!!main) for __main
    exit.o(.text) refers to rtexit.o(.ARM.Collect$$rtexit$$00000000) for __rt_exit
    defsig_fpe_outer.o(.text) refers to defsig_fpe_inner.o(.text) for __rt_SIGFPE_inner
    defsig_fpe_outer.o(.text) refers to defsig_exit.o(.text) for __sig_exit
    defsig_fpe_formal.o(.text) refers to rt_raise.o(.text) for __rt_raise
    libinit.o(.ARM.Collect$$libinit$$00000000) refers (Special) to libinit2.o(.ARM.Collect$$libinit$$0000002C) for __rt_lib_init_alloca_1
    libinit.o(.ARM.Collect$$libinit$$00000000) refers (Special) to libinit2.o(.ARM.Collect$$libinit$$0000002A) for __rt_lib_init_argv_1
    libinit.o(.ARM.Collect$$libinit$$00000000) refers (Special) to libinit2.o(.ARM.Collect$$libinit$$00000019) for __rt_lib_init_atexit_1
    libinit.o(.ARM.Collect$$libinit$$00000000) refers (Special) to libinit2.o(.ARM.Collect$$libinit$$0000001F) for __rt_lib_init_clock_1
    libinit.o(.ARM.Collect$$libinit$$00000000) refers (Special) to libinit2.o(.ARM.Collect$$libinit$$00000030) for __rt_lib_init_cpp_1
    libinit.o(.ARM.Collect$$libinit$$00000000) refers (Special) to libinit2.o(.ARM.Collect$$libinit$$0000002E) for __rt_lib_init_exceptions_1
    libinit.o(.ARM.Collect$$libinit$$00000000) refers (Special) to libinit2.o(.ARM.Collect$$libinit$$00000001) for __rt_lib_init_fp_1
    libinit.o(.ARM.Collect$$libinit$$00000000) refers (Special) to libinit2.o(.ARM.Collect$$libinit$$0000001D) for __rt_lib_init_fp_trap_1
    libinit.o(.ARM.Collect$$libinit$$00000000) refers (Special) to libinit2.o(.ARM.Collect$$libinit$$00000021) for __rt_lib_init_getenv_1
    libinit.o(.ARM.Collect$$libinit$$00000000) refers (Special) to libinit2.o(.ARM.Collect$$libinit$$00000008) for __rt_lib_init_heap_1
    libinit.o(.ARM.Collect$$libinit$$00000000) refers (Special) to libinit2.o(.ARM.Collect$$libinit$$0000000F) for __rt_lib_init_lc_collate_1
    libinit.o(.ARM.Collect$$libinit$$00000000) refers (Special) to libinit2.o(.ARM.Collect$$libinit$$00000011) for __rt_lib_init_lc_ctype_1
    libinit.o(.ARM.Collect$$libinit$$00000000) refers (Special) to libinit2.o(.ARM.Collect$$libinit$$00000013) for __rt_lib_init_lc_monetary_1
    libinit.o(.ARM.Collect$$libinit$$00000000) refers (Special) to libinit2.o(.ARM.Collect$$libinit$$00000015) for __rt_lib_init_lc_numeric_1
    libinit.o(.ARM.Collect$$libinit$$00000000) refers (Special) to libinit2.o(.ARM.Collect$$libinit$$00000017) for __rt_lib_init_lc_time_1
    libinit.o(.ARM.Collect$$libinit$$00000000) refers (Special) to libinit2.o(.ARM.Collect$$libinit$$0000000C) for __rt_lib_init_rand_1
    libinit.o(.ARM.Collect$$libinit$$00000000) refers (Special) to libinit2.o(.ARM.Collect$$libinit$$00000031) for __rt_lib_init_return
    libinit.o(.ARM.Collect$$libinit$$00000000) refers (Special) to libinit2.o(.ARM.Collect$$libinit$$0000001B) for __rt_lib_init_signal_1
    libinit.o(.ARM.Collect$$libinit$$00000000) refers (Special) to libinit2.o(.ARM.Collect$$libinit$$00000023) for __rt_lib_init_stdio_1
    libinit.o(.ARM.Collect$$libinit$$00000000) refers (Special) to libinit2.o(.ARM.Collect$$libinit$$0000000A) for __rt_lib_init_user_alloc_1
    libspace.o(.text) refers to libspace.o(.bss) for __libspace_start
    rtexit.o(.ARM.Collect$$rtexit$$00000000) refers (Special) to rtexit2.o(.ARM.Collect$$rtexit$$00000004) for __rt_exit_exit
    rtexit.o(.ARM.Collect$$rtexit$$00000000) refers (Special) to rtexit2.o(.ARM.Collect$$rtexit$$00000003) for __rt_exit_ls
    rtexit.o(.ARM.Collect$$rtexit$$00000000) refers (Special) to rtexit2.o(.ARM.Collect$$rtexit$$00000002) for __rt_exit_prels_1
    rtexit.o(.ARM.exidx) refers (Special) to rtexit2.o(.ARM.Collect$$rtexit$$00000004) for __rt_exit_exit
    rtexit.o(.ARM.exidx) refers (Special) to rtexit2.o(.ARM.Collect$$rtexit$$00000003) for __rt_exit_ls
    rtexit.o(.ARM.exidx) refers (Special) to rtexit2.o(.ARM.Collect$$rtexit$$00000002) for __rt_exit_prels_1
    rtexit.o(.ARM.exidx) refers to rtexit.o(.ARM.Collect$$rtexit$$00000000) for .ARM.Collect$$rtexit$$00000000
    rt_raise.o(.text) refers to __raise.o(.text) for __raise
    rt_raise.o(.text) refers to sys_exit.o(.text) for _sys_exit
    defsig_exit.o(.text) refers to sys_exit.o(.text) for _sys_exit
    defsig_fpe_inner.o(.text) refers to defsig_general.o(.text) for __default_signal_display
    libinit2.o(.ARM.Collect$$libinit$$0000000E) refers to libinit2.o(.ARM.Collect$$libinit$$0000000D) for .ARM.Collect$$libinit$$0000000D
    libinit2.o(.ARM.Collect$$libinit$$00000010) refers to libinit2.o(.ARM.Collect$$libinit$$0000000D) for .ARM.Collect$$libinit$$0000000D
    libinit2.o(.ARM.Collect$$libinit$$00000012) refers to libinit2.o(.ARM.Collect$$libinit$$0000000D) for .ARM.Collect$$libinit$$0000000D
    libinit2.o(.ARM.Collect$$libinit$$00000014) refers to libinit2.o(.ARM.Collect$$libinit$$0000000D) for .ARM.Collect$$libinit$$0000000D
    libinit2.o(.ARM.Collect$$libinit$$00000016) refers to libinit2.o(.ARM.Collect$$libinit$$0000000D) for .ARM.Collect$$libinit$$0000000D
    libinit2.o(.ARM.Collect$$libinit$$00000024) refers to argv_veneer.o(.text) for __ARM_argv_veneer
    libinit2.o(.ARM.Collect$$libinit$$00000025) refers to argv_veneer.o(.text) for __ARM_argv_veneer
    sys_exit.o(.text) refers (Special) to use_no_semi.o(.text) for __I$use$semihosting
    sys_exit.o(.text) refers (Special) to indicate_semi.o(.text) for __semihosting_library_function
    rtexit2.o(.ARM.Collect$$rtexit$$00000003) refers to libshutdown.o(.ARM.Collect$$libshutdown$$00000000) for __rt_lib_shutdown
    rtexit2.o(.ARM.Collect$$rtexit$$00000004) refers to sys_exit.o(.text) for _sys_exit
    rtexit2.o(.ARM.exidx) refers to rtexit2.o(.ARM.Collect$$rtexit$$00000001) for .ARM.Collect$$rtexit$$00000001
    rtexit2.o(.ARM.exidx) refers to rtexit2.o(.ARM.Collect$$rtexit$$00000003) for .ARM.Collect$$rtexit$$00000003
    rtexit2.o(.ARM.exidx) refers to rtexit2.o(.ARM.Collect$$rtexit$$00000004) for .ARM.Collect$$rtexit$$00000004
    __raise.o(.text) refers to defsig.o(CL$$defsig) for __default_signal_handler
    defsig_general.o(.text) refers to sys_wrch.o(.text) for _ttywrch
    sys_wrch.o(.text) refers (Special) to use_no_semi.o(.text) for __I$use$semihosting
    sys_wrch.o(.text) refers (Special) to indicate_semi.o(.text) for __semihosting_library_function
    defsig.o(CL$$defsig) refers to defsig_fpe_inner.o(.text) for __rt_SIGFPE_inner
    defsig.o(CL$$defsig) refers to defsig_rtmem_inner.o(.text) for __rt_SIGRTMEM_inner
    _get_argv_nomalloc.o(.text) refers (Special) to hrguard.o(.text) for __heap_region$guard
    _get_argv_nomalloc.o(.text) refers to defsig_rtmem_outer.o(.text) for __rt_SIGRTMEM
    _get_argv_nomalloc.o(.text) refers to sys_command.o(.text) for _sys_command_string
    libshutdown.o(.ARM.Collect$$libshutdown$$00000000) refers (Special) to libshutdown2.o(.ARM.Collect$$libshutdown$$00000006) for __rt_lib_shutdown_fp_trap_1
    libshutdown.o(.ARM.Collect$$libshutdown$$00000000) refers (Special) to libshutdown2.o(.ARM.Collect$$libshutdown$$0000000E) for __rt_lib_shutdown_heap_1
    libshutdown.o(.ARM.Collect$$libshutdown$$00000000) refers (Special) to libshutdown2.o(.ARM.Collect$$libshutdown$$0000000F) for __rt_lib_shutdown_return
    libshutdown.o(.ARM.Collect$$libshutdown$$00000000) refers (Special) to libshutdown2.o(.ARM.Collect$$libshutdown$$00000009) for __rt_lib_shutdown_signal_1
    libshutdown.o(.ARM.Collect$$libshutdown$$00000000) refers (Special) to libshutdown2.o(.ARM.Collect$$libshutdown$$00000003) for __rt_lib_shutdown_stdio_1
    libshutdown.o(.ARM.Collect$$libshutdown$$00000000) refers (Special) to libshutdown2.o(.ARM.Collect$$libshutdown$$0000000B) for __rt_lib_shutdown_user_alloc_1
    sys_command.o(.text) refers (Special) to use_no_semi.o(.text) for __I$use$semihosting
    sys_command.o(.text) refers (Special) to indicate_semi.o(.text) for __semihosting_library_function
    defsig_abrt_inner.o(.text) refers to defsig_general.o(.text) for __default_signal_display
    defsig_rtred_inner.o(.text) refers to defsig_general.o(.text) for __default_signal_display
    defsig_rtmem_inner.o(.text) refers to defsig_general.o(.text) for __default_signal_display
    defsig_rtmem_outer.o(.text) refers to defsig_rtmem_inner.o(.text) for __rt_SIGRTMEM_inner
    defsig_rtmem_outer.o(.text) refers to defsig_exit.o(.text) for __sig_exit
    defsig_rtmem_formal.o(.text) refers to rt_raise.o(.text) for __rt_raise
    defsig_stak_inner.o(.text) refers to defsig_general.o(.text) for __default_signal_display
    defsig_pvfn_inner.o(.text) refers to defsig_general.o(.text) for __default_signal_display
    defsig_cppl_inner.o(.text) refers to defsig_general.o(.text) for __default_signal_display
    defsig_segv_inner.o(.text) refers to defsig_general.o(.text) for __default_signal_display
    defsig_other.o(.text) refers to defsig_general.o(.text) for __default_signal_display


==============================================================================

Removing Unused input sections from the image.

    Removing system_nrf51.o(.rev16_text), (4 bytes).
    Removing system_nrf51.o(.revsh_text), (4 bytes).
    Removing main.o(.rev16_text), (4 bytes).
    Removing main.o(.revsh_text), (4 bytes).
    Removing ble_srv_common.o(.rev16_text), (4 bytes).
    Removing ble_srv_common.o(.revsh_text), (4 bytes).
    Removing ble_srv_common.o(.text), (140 bytes).
    Removing ble_nus.o(.rev16_text), (4 bytes).
    Removing ble_nus.o(.revsh_text), (4 bytes).
    Removing ble_advdata.o(.rev16_text), (4 bytes).
    Removing ble_advdata.o(.revsh_text), (4 bytes).
    Removing ble_conn_params.o(.rev16_text), (4 bytes).
    Removing ble_conn_params.o(.revsh_text), (4 bytes).
    Removing softdevice_handler.o(.rev16_text), (4 bytes).
    Removing softdevice_handler.o(.revsh_text), (4 bytes).
    Removing simple_uart.o(.rev16_text), (4 bytes).
    Removing simple_uart.o(.revsh_text), (4 bytes).
    Removing app_timer.o(.rev16_text), (4 bytes).
    Removing app_timer.o(.revsh_text), (4 bytes).
    Removing app_gpiote.o(.rev16_text), (4 bytes).
    Removing app_gpiote.o(.revsh_text), (4 bytes).
    Removing app_scheduler.o(.rev16_text), (4 bytes).
    Removing app_scheduler.o(.revsh_text), (4 bytes).
    Removing at_cmd.o(.rev16_text), (4 bytes).
    Removing at_cmd.o(.revsh_text), (4 bytes).
    Removing min_task_schedule.o(.rev16_text), (4 bytes).
    Removing min_task_schedule.o(.revsh_text), (4 bytes).
    Removing user_ble_control.o(.rev16_text), (4 bytes).
    Removing user_ble_control.o(.revsh_text), (4 bytes).

29 unused section(s) (total 252 bytes) removed from the image.

==============================================================================

Image Symbol Table

    Local Symbols

    Symbol Name                              Value     Ov Type        Size  Object(Section)

    ../clib/angel/boardlib.s                 0x00000000   Number         0  boardinit1.o ABSOLUTE
    ../clib/angel/boardlib.s                 0x00000000   Number         0  boardinit2.o ABSOLUTE
    ../clib/angel/boardlib.s                 0x00000000   Number         0  boardinit3.o ABSOLUTE
    ../clib/angel/boardlib.s                 0x00000000   Number         0  boardshut.o ABSOLUTE
    ../clib/angel/handlers.s                 0x00000000   Number         0  __scatter_zi.o ABSOLUTE
    ../clib/angel/handlers.s                 0x00000000   Number         0  __scatter_copy.o ABSOLUTE
    ../clib/angel/kernel.s                   0x00000000   Number         0  rtentry4.o ABSOLUTE
    ../clib/angel/kernel.s                   0x00000000   Number         0  rtentry2.o ABSOLUTE
    ../clib/angel/kernel.s                   0x00000000   Number         0  rtexit.o ABSOLUTE
    ../clib/angel/kernel.s                   0x00000000   Number         0  rtentry.o ABSOLUTE
    ../clib/angel/kernel.s                   0x00000000   Number         0  rtexit2.o ABSOLUTE
    ../clib/angel/rt.s                       0x00000000   Number         0  aeabi_idiv0_sigfpe.o ABSOLUTE
    ../clib/angel/rt.s                       0x00000000   Number         0  rt_raise.o ABSOLUTE
    ../clib/angel/rt.s                       0x00000000   Number         0  aeabi_idiv0.o ABSOLUTE
    ../clib/angel/rt.s                       0x00000000   Number         0  rt_div0.o ABSOLUTE
    ../clib/angel/scatterp.s                 0x00000000   Number         0  __scatter.o ABSOLUTE
    ../clib/angel/startup.s                  0x00000000   Number         0  __main.o ABSOLUTE
    ../clib/angel/sys.s                      0x00000000   Number         0  libspace.o ABSOLUTE
    ../clib/angel/sys.s                      0x00000000   Number         0  tempstk.o ABSOLUTE
    ../clib/angel/sys.s                      0x00000000   Number         0  indicate_semi.o ABSOLUTE
    ../clib/angel/sys.s                      0x00000000   Number         0  sys_stackheap_outer.o ABSOLUTE
    ../clib/angel/sys.s                      0x00000000   Number         0  use_no_semi.o ABSOLUTE
    ../clib/angel/sysapp.c                   0x00000000   Number         0  sys_command.o ABSOLUTE
    ../clib/angel/sysapp.c                   0x00000000   Number         0  sys_exit.o ABSOLUTE
    ../clib/angel/sysapp.c                   0x00000000   Number         0  sys_wrch.o ABSOLUTE
    ../clib/armsys.c                         0x00000000   Number         0  argv_veneer.o ABSOLUTE
    ../clib/armsys.c                         0x00000000   Number         0  _get_argv_nomalloc.o ABSOLUTE
    ../clib/armsys.c                         0x00000000   Number         0  no_argv.o ABSOLUTE
    ../clib/division.s                       0x00000000   Number         0  aeabi_sdiv_div0.o ABSOLUTE
    ../clib/division.s                       0x00000000   Number         0  aeabi_sdiv.o ABSOLUTE
    ../clib/heapalloc.c                      0x00000000   Number         0  hrguard.o ABSOLUTE
    ../clib/heapaux.c                        0x00000000   Number         0  heapauxi.o ABSOLUTE
    ../clib/libinit.s                        0x00000000   Number         0  libinit.o ABSOLUTE
    ../clib/libinit.s                        0x00000000   Number         0  libinit2.o ABSOLUTE
    ../clib/libinit.s                        0x00000000   Number         0  libshutdown2.o ABSOLUTE
    ../clib/libinit.s                        0x00000000   Number         0  libshutdown.o ABSOLUTE
    ../clib/memcpset.c                       0x00000000   Number         0  rt_memclr.o ABSOLUTE
    ../clib/memcpset.c                       0x00000000   Number         0  rt_memcpy.o ABSOLUTE
    ../clib/memcpset.c                       0x00000000   Number         0  rt_memcpy.o ABSOLUTE
    ../clib/printf.c                         0x00000000   Number         0  _printf_hex_int_ll_ptr.o ABSOLUTE
    ../clib/printf.c                         0x00000000   Number         0  noretval__2sprintf.o ABSOLUTE
    ../clib/printf.c                         0x00000000   Number         0  __2sprintf.o ABSOLUTE
    ../clib/printf.c                         0x00000000   Number         0  __printf_nopercent.o ABSOLUTE
    ../clib/printf.c                         0x00000000   Number         0  __printf.o ABSOLUTE
    ../clib/printf.c                         0x00000000   Number         0  _sputc.o ABSOLUTE
    ../clib/printf.c                         0x00000000   Number         0  _printf_char_common.o ABSOLUTE
    ../clib/printf.c                         0x00000000   Number         0  _printf_intcommon.o ABSOLUTE
    ../clib/printf.c                         0x00000000   Number         0  __printf_flags_ss_wp.o ABSOLUTE
    ../clib/printf.c                         0x00000000   Number         0  __printf_ss_wp.o ABSOLUTE
    ../clib/printf.c                         0x00000000   Number         0  __printf_flags_wp.o ABSOLUTE
    ../clib/printf.c                         0x00000000   Number         0  __printf_wp.o ABSOLUTE
    ../clib/printf.c                         0x00000000   Number         0  __printf_flags_ss.o ABSOLUTE
    ../clib/printf.c                         0x00000000   Number         0  __printf_ss.o ABSOLUTE
    ../clib/printf.c                         0x00000000   Number         0  __printf_flags.o ABSOLUTE
    ../clib/printf.c                         0x00000000   Number         0  _printf_hex_ll_ptr.o ABSOLUTE
    ../clib/printf.c                         0x00000000   Number         0  _printf_hex_int_ptr.o ABSOLUTE
    ../clib/printf.c                         0x00000000   Number         0  _printf_hex_ptr.o ABSOLUTE
    ../clib/printf.c                         0x00000000   Number         0  _printf_hex_int_ll.o ABSOLUTE
    ../clib/printf.c                         0x00000000   Number         0  _printf_hex_int.o ABSOLUTE
    ../clib/printf.c                         0x00000000   Number         0  _printf_hex_ll.o ABSOLUTE
    ../clib/printf_percent.s                 0x00000000   Number         0  _printf_percent_end.o ABSOLUTE
    ../clib/printf_percent.s                 0x00000000   Number         0  _printf_percent.o ABSOLUTE
    ../clib/printf_percent.s                 0x00000000   Number         0  _printf_x.o ABSOLUTE
    ../clib/signal.c                         0x00000000   Number         0  defsig_fpe_formal.o ABSOLUTE
    ../clib/signal.c                         0x00000000   Number         0  defsig_fpe_outer.o ABSOLUTE
    ../clib/signal.c                         0x00000000   Number         0  defsig_exit.o ABSOLUTE
    ../clib/signal.c                         0x00000000   Number         0  defsig_fpe_inner.o ABSOLUTE
    ../clib/signal.c                         0x00000000   Number         0  __raise.o ABSOLUTE
    ../clib/signal.c                         0x00000000   Number         0  defsig_general.o ABSOLUTE
    ../clib/signal.c                         0x00000000   Number         0  defsig_other.o ABSOLUTE
    ../clib/signal.c                         0x00000000   Number         0  defsig_segv_inner.o ABSOLUTE
    ../clib/signal.c                         0x00000000   Number         0  defsig_cppl_inner.o ABSOLUTE
    ../clib/signal.c                         0x00000000   Number         0  defsig_pvfn_inner.o ABSOLUTE
    ../clib/signal.c                         0x00000000   Number         0  defsig_stak_inner.o ABSOLUTE
    ../clib/signal.c                         0x00000000   Number         0  defsig_rtmem_formal.o ABSOLUTE
    ../clib/signal.c                         0x00000000   Number         0  defsig_rtmem_outer.o ABSOLUTE
    ../clib/signal.c                         0x00000000   Number         0  defsig_rtmem_inner.o ABSOLUTE
    ../clib/signal.c                         0x00000000   Number         0  defsig_rtred_inner.o ABSOLUTE
    ../clib/signal.c                         0x00000000   Number         0  defsig_abrt_inner.o ABSOLUTE
    ../clib/signal.s                         0x00000000   Number         0  defsig.o ABSOLUTE
    ../clib/stdlib.c                         0x00000000   Number         0  exit.o ABSOLUTE
    ../clib/string.c                         0x00000000   Number         0  strcmp.o ABSOLUTE
    ../clib/string.c                         0x00000000   Number         0  strlen.o ABSOLUTE
    ../clib/string.c                         0x00000000   Number         0  strcpy.o ABSOLUTE
    ../clib/string.c                         0x00000000   Number         0  strstr.o ABSOLUTE
    ../fplib/cfplib/fpinit.c                 0x00000000   Number         0  fpinit.o ABSOLUTE
    ..\..\..\..\..\..\Source\app_common\app_gpiote.c 0x00000000   Number         0  app_gpiote.o ABSOLUTE
    ..\..\..\..\..\..\Source\app_common\app_scheduler.c 0x00000000   Number         0  app_scheduler.o ABSOLUTE
    ..\..\..\..\..\..\Source\app_common\app_timer.c 0x00000000   Number         0  app_timer.o ABSOLUTE
    ..\..\..\..\..\..\Source\ble\ble_advdata.c 0x00000000   Number         0  ble_advdata.o ABSOLUTE
    ..\..\..\..\..\..\Source\ble\ble_conn_params.c 0x00000000   Number         0  ble_conn_params.o ABSOLUTE
    ..\..\..\..\..\..\Source\ble\ble_services\ble_srv_common.c 0x00000000   Number         0  ble_srv_common.o ABSOLUTE
    ..\..\..\..\..\..\Source\sd_common\softdevice_handler.c 0x00000000   Number         0  softdevice_handler.o ABSOLUTE
    ..\..\..\..\..\..\Source\simple_uart\simple_uart.c 0x00000000   Number         0  simple_uart.o ABSOLUTE
    ..\..\..\..\..\..\Source\templates\arm\arm_startup_nrf51.s 0x00000000   Number         0  arm_startup_nrf51.o ABSOLUTE
    ..\..\..\..\..\..\Source\templates\system_nrf51.c 0x00000000   Number         0  system_nrf51.o ABSOLUTE
    ..\..\..\..\..\..\user\AT_cmd.c          0x00000000   Number         0  at_cmd.o ABSOLUTE
    ..\..\..\..\..\..\user\min_task_schedule.c 0x00000000   Number         0  min_task_schedule.o ABSOLUTE
    ..\..\..\..\..\..\user\user_ble_control.c 0x00000000   Number         0  user_ble_control.o ABSOLUTE
    ..\\..\\..\\..\\..\\..\\Source\\app_common\\app_gpiote.c 0x00000000   Number         0  app_gpiote.o ABSOLUTE
    ..\\..\\..\\..\\..\\..\\Source\\app_common\\app_scheduler.c 0x00000000   Number         0  app_scheduler.o ABSOLUTE
    ..\\..\\..\\..\\..\\..\\Source\\app_common\\app_timer.c 0x00000000   Number         0  app_timer.o ABSOLUTE
    ..\\..\\..\\..\\..\\..\\Source\\ble\\ble_advdata.c 0x00000000   Number         0  ble_advdata.o ABSOLUTE
    ..\\..\\..\\..\\..\\..\\Source\\ble\\ble_conn_params.c 0x00000000   Number         0  ble_conn_params.o ABSOLUTE
    ..\\..\\..\\..\\..\\..\\Source\\ble\\ble_services\\ble_srv_common.c 0x00000000   Number         0  ble_srv_common.o ABSOLUTE
    ..\\..\\..\\..\\..\\..\\Source\\sd_common\\softdevice_handler.c 0x00000000   Number         0  softdevice_handler.o ABSOLUTE
    ..\\..\\..\\..\\..\\..\\Source\\simple_uart\\simple_uart.c 0x00000000   Number         0  simple_uart.o ABSOLUTE
    ..\\..\\..\\..\\..\\..\\Source\\templates\\system_nrf51.c 0x00000000   Number         0  system_nrf51.o ABSOLUTE
    ..\\..\\..\\..\\..\\..\\user\\AT_cmd.c   0x00000000   Number         0  at_cmd.o ABSOLUTE
    ..\\..\\..\\..\\..\\..\\user\\min_task_schedule.c 0x00000000   Number         0  min_task_schedule.o ABSOLUTE
    ..\\..\\..\\..\\..\\..\\user\\user_ble_control.c 0x00000000   Number         0  user_ble_control.o ABSOLUTE
    ..\\ble_nus.c                            0x00000000   Number         0  ble_nus.o ABSOLUTE
    ..\\main.c                               0x00000000   Number         0  main.o ABSOLUTE
    ..\ble_nus.c                             0x00000000   Number         0  ble_nus.o ABSOLUTE
    ..\main.c                                0x00000000   Number         0  main.o ABSOLUTE
    dc.s                                     0x00000000   Number         0  dc.o ABSOLUTE
    RESET                                    0x00014000   Section      192  arm_startup_nrf51.o(RESET)
    !!!main                                  0x000140c0   Section        8  __main.o(!!!main)
    !!!scatter                               0x000140c8   Section       60  __scatter.o(!!!scatter)
    !!handler_copy                           0x00014104   Section       26  __scatter_copy.o(!!handler_copy)
    !!handler_zi                             0x00014120   Section       28  __scatter_zi.o(!!handler_zi)
    .ARM.Collect$$_printf_percent$$00000000  0x0001413c   Section        2  _printf_percent.o(.ARM.Collect$$_printf_percent$$00000000)
    .ARM.Collect$$_printf_percent$$0000000C  0x0001413e   Section       10  _printf_x.o(.ARM.Collect$$_printf_percent$$0000000C)
    .ARM.Collect$$_printf_percent$$00000017  0x00014148   Section        4  _printf_percent_end.o(.ARM.Collect$$_printf_percent$$00000017)
    .ARM.Collect$$libinit$$00000000          0x0001414c   Section        2  libinit.o(.ARM.Collect$$libinit$$00000000)
    .ARM.Collect$$libinit$$00000001          0x0001414e   Section        4  libinit2.o(.ARM.Collect$$libinit$$00000001)
    .ARM.Collect$$libinit$$00000008          0x00014152   Section        0  libinit2.o(.ARM.Collect$$libinit$$00000008)
    .ARM.Collect$$libinit$$0000000A          0x00014152   Section        0  libinit2.o(.ARM.Collect$$libinit$$0000000A)
    .ARM.Collect$$libinit$$0000000C          0x00014152   Section        0  libinit2.o(.ARM.Collect$$libinit$$0000000C)
    .ARM.Collect$$libinit$$0000000F          0x00014152   Section        0  libinit2.o(.ARM.Collect$$libinit$$0000000F)
    .ARM.Collect$$libinit$$00000011          0x00014152   Section        0  libinit2.o(.ARM.Collect$$libinit$$00000011)
    .ARM.Collect$$libinit$$00000013          0x00014152   Section        0  libinit2.o(.ARM.Collect$$libinit$$00000013)
    .ARM.Collect$$libinit$$00000015          0x00014152   Section        0  libinit2.o(.ARM.Collect$$libinit$$00000015)
    .ARM.Collect$$libinit$$00000017          0x00014152   Section        0  libinit2.o(.ARM.Collect$$libinit$$00000017)
    .ARM.Collect$$libinit$$00000019          0x00014152   Section        0  libinit2.o(.ARM.Collect$$libinit$$00000019)
    .ARM.Collect$$libinit$$0000001B          0x00014152   Section        0  libinit2.o(.ARM.Collect$$libinit$$0000001B)
    .ARM.Collect$$libinit$$0000001D          0x00014152   Section        0  libinit2.o(.ARM.Collect$$libinit$$0000001D)
    .ARM.Collect$$libinit$$0000001F          0x00014152   Section        0  libinit2.o(.ARM.Collect$$libinit$$0000001F)
    .ARM.Collect$$libinit$$00000021          0x00014152   Section        0  libinit2.o(.ARM.Collect$$libinit$$00000021)
    .ARM.Collect$$libinit$$00000023          0x00014152   Section        0  libinit2.o(.ARM.Collect$$libinit$$00000023)
    .ARM.Collect$$libinit$$0000002A          0x00014152   Section        0  libinit2.o(.ARM.Collect$$libinit$$0000002A)
    .ARM.Collect$$libinit$$0000002C          0x00014152   Section        0  libinit2.o(.ARM.Collect$$libinit$$0000002C)
    .ARM.Collect$$libinit$$0000002E          0x00014152   Section        0  libinit2.o(.ARM.Collect$$libinit$$0000002E)
    .ARM.Collect$$libinit$$00000030          0x00014152   Section        0  libinit2.o(.ARM.Collect$$libinit$$00000030)
    .ARM.Collect$$libinit$$00000031          0x00014152   Section        2  libinit2.o(.ARM.Collect$$libinit$$00000031)
    .ARM.Collect$$libshutdown$$00000000      0x00014154   Section        2  libshutdown.o(.ARM.Collect$$libshutdown$$00000000)
    .ARM.Collect$$libshutdown$$00000003      0x00014156   Section        0  libshutdown2.o(.ARM.Collect$$libshutdown$$00000003)
    .ARM.Collect$$libshutdown$$00000006      0x00014156   Section        0  libshutdown2.o(.ARM.Collect$$libshutdown$$00000006)
    .ARM.Collect$$libshutdown$$00000009      0x00014156   Section        0  libshutdown2.o(.ARM.Collect$$libshutdown$$00000009)
    .ARM.Collect$$libshutdown$$0000000B      0x00014156   Section        0  libshutdown2.o(.ARM.Collect$$libshutdown$$0000000B)
    .ARM.Collect$$libshutdown$$0000000E      0x00014156   Section        0  libshutdown2.o(.ARM.Collect$$libshutdown$$0000000E)
    .ARM.Collect$$libshutdown$$0000000F      0x00014156   Section        2  libshutdown2.o(.ARM.Collect$$libshutdown$$0000000F)
    .ARM.Collect$$rtentry$$00000000          0x00014158   Section        0  rtentry.o(.ARM.Collect$$rtentry$$00000000)
    .ARM.Collect$$rtentry$$00000002          0x00014158   Section        0  rtentry2.o(.ARM.Collect$$rtentry$$00000002)
    .ARM.Collect$$rtentry$$00000004          0x00014158   Section        6  rtentry4.o(.ARM.Collect$$rtentry$$00000004)
    .ARM.Collect$$rtentry$$00000009          0x0001415e   Section        0  rtentry2.o(.ARM.Collect$$rtentry$$00000009)
    .ARM.Collect$$rtentry$$0000000A          0x0001415e   Section        4  rtentry2.o(.ARM.Collect$$rtentry$$0000000A)
    .ARM.Collect$$rtentry$$0000000C          0x00014162   Section        0  rtentry2.o(.ARM.Collect$$rtentry$$0000000C)
    .ARM.Collect$$rtentry$$0000000D          0x00014162   Section        8  rtentry2.o(.ARM.Collect$$rtentry$$0000000D)
    .ARM.Collect$$rtexit$$00000000           0x0001416a   Section        2  rtexit.o(.ARM.Collect$$rtexit$$00000000)
    .ARM.Collect$$rtexit$$00000002           0x0001416c   Section        0  rtexit2.o(.ARM.Collect$$rtexit$$00000002)
    .ARM.Collect$$rtexit$$00000003           0x0001416c   Section        4  rtexit2.o(.ARM.Collect$$rtexit$$00000003)
    .ARM.Collect$$rtexit$$00000004           0x00014170   Section        6  rtexit2.o(.ARM.Collect$$rtexit$$00000004)
    .emb_text                                0x00014178   Section       30  simple_uart.o(.emb_text)
    .emb_text                                0x00014198   Section       30  app_timer.o(.emb_text)
    .emb_text                                0x000141b8   Section       56  rt_memcpy.o(.emb_text)
    .text                                    0x000141f0   Section       72  arm_startup_nrf51.o(.text)
    .text                                    0x00014238   Section        0  system_nrf51.o(.text)
    is_disabled_in_debug_needed              0x00014241   Thumb Code    48  system_nrf51.o(.text)
    is_manual_peripheral_setup_needed        0x00014271   Thumb Code    94  system_nrf51.o(.text)
    .text                                    0x00014310   Section        0  main.o(.text)
    NVIC_SetPriority                         0x00014311   Thumb Code   110  main.o(.text)
    leds_init                                0x000143a5   Thumb Code     2  main.o(.text)
    timers_init                              0x000143a7   Thumb Code    50  main.o(.text)
    gap_params_init                          0x000143d9   Thumb Code   164  main.o(.text)
    advertising_init                         0x0001447d   Thumb Code   102  main.o(.text)
    services_init                            0x000144fd   Thumb Code    44  main.o(.text)
    sec_params_init                          0x00014529   Thumb Code    66  main.o(.text)
    on_conn_params_evt                       0x0001456b   Thumb Code    46  main.o(.text)
    conn_params_error_handler                0x00014599   Thumb Code    16  main.o(.text)
    conn_params_init                         0x000145a9   Thumb Code    82  main.o(.text)
    on_ble_evt                               0x00014643   Thumb Code   406  main.o(.text)
    ble_evt_dispatch                         0x000147d9   Thumb Code    26  main.o(.text)
    ble_stack_init                           0x000147f3   Thumb Code    78  main.o(.text)
    buttons_init                             0x00014865   Thumb Code     2  main.o(.text)
    power_manage                             0x00014867   Thumb Code    32  main.o(.text)
    uart_init                                0x0001490f   Thumb Code    56  main.o(.text)
    NVIC_EnableIRQ                           0x00014a65   Thumb Code    14  main.o(.text)
    .text                                    0x00014ae8   Section        0  ble_nus.o(.text)
    on_connect                               0x00014ae9   Thumb Code     6  ble_nus.o(.text)
    on_disconnect                            0x00014aef   Thumb Code     8  ble_nus.o(.text)
    on_write                                 0x00014af7   Thumb Code    84  ble_nus.o(.text)
    rx_tx_char_add                           0x00014b4b   Thumb Code   248  ble_nus.o(.text)
    .text                                    0x00014d48   Section        0  ble_advdata.o(.text)
    name_encode                              0x00014d49   Thumb Code   150  ble_advdata.o(.text)
    appearance_encode                        0x00014ddf   Thumb Code    74  ble_advdata.o(.text)
    uint8_array_encode                       0x00014e29   Thumb Code    82  ble_advdata.o(.text)
    tx_power_level_encode                    0x00014e7b   Thumb Code    48  ble_advdata.o(.text)
    uuid_list_sized_encode                   0x00014eab   Thumb Code   196  ble_advdata.o(.text)
    uuid_list_encode                         0x00014f6f   Thumb Code    64  ble_advdata.o(.text)
    conn_int_check                           0x00014faf   Thumb Code    88  ble_advdata.o(.text)
    conn_int_encode                          0x00015007   Thumb Code    92  ble_advdata.o(.text)
    manuf_specific_data_encode               0x00015063   Thumb Code   106  ble_advdata.o(.text)
    service_data_encode                      0x000150cd   Thumb Code   140  ble_advdata.o(.text)
    adv_data_encode                          0x00015159   Thumb Code   304  ble_advdata.o(.text)
    advdata_check                            0x00015289   Thumb Code    32  ble_advdata.o(.text)
    srdata_check                             0x000152a9   Thumb Code    16  ble_advdata.o(.text)
    uint16_encode                            0x00015333   Thumb Code    18  ble_advdata.o(.text)
    .text                                    0x00015348   Section        0  ble_conn_params.o(.text)
    is_conn_params_ok                        0x00015349   Thumb Code    30  ble_conn_params.o(.text)
    update_timeout_handler                   0x00015367   Thumb Code   136  ble_conn_params.o(.text)
    conn_params_negotiation                  0x00015455   Thumb Code   126  ble_conn_params.o(.text)
    on_connect                               0x000154d3   Thumb Code    42  ble_conn_params.o(.text)
    on_disconnect                            0x000154fd   Thumb Code    50  ble_conn_params.o(.text)
    on_write                                 0x0001552f   Thumb Code    84  ble_conn_params.o(.text)
    on_conn_params_update                    0x00015583   Thumb Code    20  ble_conn_params.o(.text)
    .text                                    0x00015650   Section        0  softdevice_handler.o(.text)
    .text                                    0x00015820   Section        0  simple_uart.o(.text)
    nrf_gpio_cfg_output                      0x00015947   Thumb Code    18  simple_uart.o(.text)
    nrf_gpio_cfg_input                       0x00015959   Thumb Code    20  simple_uart.o(.text)
    .text                                    0x00015980   Section        0  app_timer.o(.text)
    NVIC_SetPriority                         0x00015981   Thumb Code   110  app_timer.o(.text)
    rtc1_init                                0x000159ef   Thumb Code    18  app_timer.o(.text)
    rtc1_start                               0x00015a01   Thumb Code    42  app_timer.o(.text)
    rtc1_stop                                0x00015a2b   Thumb Code    44  app_timer.o(.text)
    timer_list_insert                        0x00015a57   Thumb Code   206  app_timer.o(.text)
    timer_list_remove                        0x00015b25   Thumb Code   150  app_timer.o(.text)
    timer_timeouts_check_sched               0x00015bbb   Thumb Code    10  app_timer.o(.text)
    timer_list_handler_sched                 0x00015bc5   Thumb Code    10  app_timer.o(.text)
    timeout_handler_exec                     0x00015bcf   Thumb Code    60  app_timer.o(.text)
    timer_timeouts_check                     0x00015c0b   Thumb Code   128  app_timer.o(.text)
    elapsed_ticks_acquire                    0x00015c8b   Thumb Code    82  app_timer.o(.text)
    list_deletions_handler                   0x00015cdd   Thumb Code   280  app_timer.o(.text)
    expired_timers_handler                   0x00015df5   Thumb Code    98  app_timer.o(.text)
    list_insertions_handler                  0x00015e57   Thumb Code   260  app_timer.o(.text)
    compare_reg_update                       0x00015f5b   Thumb Code   124  app_timer.o(.text)
    timer_list_handler                       0x00015fd7   Thumb Code    70  app_timer.o(.text)
    user_op_enque                            0x0001601d   Thumb Code     4  app_timer.o(.text)
    user_op_alloc                            0x00016021   Thumb Code    44  app_timer.o(.text)
    timer_start_op_schedule                  0x0001604d   Thumb Code    80  app_timer.o(.text)
    timer_stop_op_schedule                   0x0001609d   Thumb Code    58  app_timer.o(.text)
    timer_stop_all_op_schedule               0x000160d7   Thumb Code    58  app_timer.o(.text)
    user_id_get                              0x000162a5   Thumb Code    34  app_timer.o(.text)
    NVIC_EnableIRQ                           0x000163a3   Thumb Code    14  app_timer.o(.text)
    NVIC_SetPendingIRQ                       0x000163b1   Thumb Code    14  app_timer.o(.text)
    NVIC_ClearPendingIRQ                     0x000163bf   Thumb Code    16  app_timer.o(.text)
    current_int_priority_get                 0x000163cf   Thumb Code    84  app_timer.o(.text)
    rtc1_counter_get                         0x00016423   Thumb Code     6  app_timer.o(.text)
    ticks_diff_get                           0x00016429   Thumb Code    10  app_timer.o(.text)
    .text                                    0x00016450   Section        0  app_gpiote.o(.text)
    sense_level_toggle                       0x00016451   Thumb Code   124  app_gpiote.o(.text)
    pins_sense_disable                       0x00016567   Thumb Code    96  app_gpiote.o(.text)
    NVIC_SetPriority                         0x00016817   Thumb Code   110  app_gpiote.o(.text)
    .text                                    0x000168ac   Section        0  app_scheduler.o(.text)
    app_sched_event_get                      0x000169db   Thumb Code    84  app_scheduler.o(.text)
    current_int_priority_get                 0x00016a4d   Thumb Code    84  app_scheduler.o(.text)
    next_index                               0x00016aa1   Thumb Code    20  app_scheduler.o(.text)
    .text                                    0x00016b0c   Section        0  at_cmd.o(.text)
    .text                                    0x00016e30   Section        0  min_task_schedule.o(.text)
    .text                                    0x00016f24   Section        0  user_ble_control.o(.text)
    nrf_gpio_cfg_input                       0x00017071   Thumb Code    20  user_ble_control.o(.text)
    .text                                    0x00017160   Section        0  noretval__2sprintf.o(.text)
    .text                                    0x00017188   Section        0  __printf.o(.text)
    .text                                    0x000171f4   Section        0  _printf_hex_int.o(.text)
    .text                                    0x0001724c   Section        0  strstr.o(.text)
    .text                                    0x00017274   Section        0  strcpy.o(.text)
    .text                                    0x000172c0   Section        0  strlen.o(.text)
    .text                                    0x00017304   Section        0  rt_memcpy.o(.text)
    .text                                    0x00017386   Section        0  rt_memclr.o(.text)
    .text                                    0x000173c8   Section        0  strcmp.o(.text)
    .text                                    0x00017450   Section      346  aeabi_sdiv.o(.text)
    .text                                    0x000175aa   Section        0  heapauxi.o(.text)
    .text                                    0x000175b0   Section        0  _printf_intcommon.o(.text)
    .text                                    0x00017660   Section        0  _printf_char_common.o(.text)
    _printf_input_char                       0x00017661   Thumb Code    10  _printf_char_common.o(.text)
    .text                                    0x00017690   Section        0  _sputc.o(.text)
    .text                                    0x0001769a   Section       62  sys_stackheap_outer.o(.text)
    .text                                    0x000176d8   Section        0  exit.o(.text)
    .text                                    0x000176e4   Section        8  libspace.o(.text)
    .text                                    0x000176ec   Section        0  sys_exit.o(.text)
    .text                                    0x000176f8   Section        2  use_no_semi.o(.text)
    .text                                    0x000176fa   Section        0  indicate_semi.o(.text)
    .constdata                               0x000176fc   Section        4  main.o(.constdata)
    .constdata                               0x00017700   Section       40  _printf_hex_int.o(.constdata)
    uc_hextab                                0x00017700   Data          20  _printf_hex_int.o(.constdata)
    lc_hextab                                0x00017714   Data          20  _printf_hex_int.o(.constdata)
    .conststring                             0x00017728   Section       39  at_cmd.o(.conststring)
    .data                                    0x20002000   Section        4  system_nrf51.o(.data)
    __tagsym$$used                           0x20002000   Number         0  system_nrf51.o(.data)
    .data                                    0x20002004   Section       10  main.o(.data)
    m_conn_handle                            0x20002004   Data           2  main.o(.data)
    index                                    0x20002006   Data           1  main.o(.data)
    m_sec_params                             0x20002008   Data           6  main.o(.data)
    .data                                    0x20002010   Section       28  ble_conn_params.o(.data)
    m_change_param                           0x20002010   Data           1  ble_conn_params.o(.data)
    m_preferred_conn_params                  0x20002012   Data           8  ble_conn_params.o(.data)
    m_update_count                           0x2000201a   Data           1  ble_conn_params.o(.data)
    m_conn_handle                            0x2000201c   Data           2  ble_conn_params.o(.data)
    m_current_conn_params                    0x2000201e   Data           8  ble_conn_params.o(.data)
    m_conn_params_timer_id                   0x20002028   Data           4  ble_conn_params.o(.data)
    .data                                    0x2000202c   Section       24  softdevice_handler.o(.data)
    m_softdevice_enabled                     0x2000202c   Data           1  softdevice_handler.o(.data)
    m_evt_schedule_func                      0x20002030   Data           4  softdevice_handler.o(.data)
    m_evt_buffer                             0x20002034   Data           4  softdevice_handler.o(.data)
    m_ble_evt_buffer_size                    0x20002038   Data           2  softdevice_handler.o(.data)
    m_ble_evt_handler                        0x2000203c   Data           4  softdevice_handler.o(.data)
    m_sys_evt_handler                        0x20002040   Data           4  softdevice_handler.o(.data)
    .data                                    0x20002044   Section       36  app_timer.o(.data)
    mp_nodes                                 0x20002044   Data           4  app_timer.o(.data)
    m_node_array_size                        0x20002048   Data           1  app_timer.o(.data)
    m_user_array_size                        0x20002049   Data           1  app_timer.o(.data)
    mp_users                                 0x2000204c   Data           4  app_timer.o(.data)
    m_timer_id_head                          0x20002050   Data           4  app_timer.o(.data)
    m_ticks_latest                           0x20002054   Data           4  app_timer.o(.data)
    m_ticks_elapsed                          0x20002058   Data           8  app_timer.o(.data)
    m_ticks_elapsed_q_read_ind               0x20002060   Data           1  app_timer.o(.data)
    m_ticks_elapsed_q_write_ind              0x20002061   Data           1  app_timer.o(.data)
    m_evt_schedule_func                      0x20002064   Data           4  app_timer.o(.data)
    .data                                    0x20002068   Section       10  app_gpiote.o(.data)
    mp_users                                 0x20002068   Data           4  app_gpiote.o(.data)
    m_enabled_users_mask                     0x2000206c   Data           4  app_gpiote.o(.data)
    m_user_array_size                        0x20002070   Data           1  app_gpiote.o(.data)
    m_user_count                             0x20002071   Data           1  app_gpiote.o(.data)
    .data                                    0x20002074   Section       14  app_scheduler.o(.data)
    m_queue_event_headers                    0x20002074   Data           4  app_scheduler.o(.data)
    m_queue_event_data                       0x20002078   Data           4  app_scheduler.o(.data)
    m_queue_start_index                      0x2000207c   Data           1  app_scheduler.o(.data)
    m_queue_end_index                        0x2000207d   Data           1  app_scheduler.o(.data)
    m_queue_event_size                       0x2000207e   Data           2  app_scheduler.o(.data)
    m_queue_size                             0x20002080   Data           2  app_scheduler.o(.data)
    .data                                    0x20002084   Section       40  at_cmd.o(.data)
    .data                                    0x200020ac   Section       68  min_task_schedule.o(.data)
    task_heart_tick                          0x200020ec   Data           4  min_task_schedule.o(.data)
    .data                                    0x200020f0   Section        1  user_ble_control.o(.data)
    p_user_id                                0x200020f0   Data           1  user_ble_control.o(.data)
    .bss                                     0x200020f4   Section      822  main.o(.bss)
    APP_TIMER_BUF                            0x200020f4   Data         576  main.o(.bss)
    m_auth_status                            0x20002334   Data          50  main.o(.bss)
    EVT_BUFFER                               0x20002368   Data          80  main.o(.bss)
    APP_SCHED_BUF                            0x200023b8   Data          44  main.o(.bss)
    m_nus                                    0x200023e4   Data          20  main.o(.bss)
    data_array                               0x200023f8   Data          50  main.o(.bss)
    .bss                                     0x2000242c   Section       28  ble_conn_params.o(.bss)
    m_conn_params_config                     0x2000242c   Data          28  ble_conn_params.o(.bss)
    .bss                                     0x20002448   Section       64  at_cmd.o(.bss)
    .bss                                     0x20002488   Section       60  user_ble_control.o(.bss)
    app_gpiote_buf                           0x20002488   Data          60  user_ble_control.o(.bss)
    .bss                                     0x200024c4   Section       96  libspace.o(.bss)
    HEAP                                     0x20002528   Section     2048  arm_startup_nrf51.o(HEAP)
    Heap_Mem                                 0x20002528   Data        2048  arm_startup_nrf51.o(HEAP)
    STACK                                    0x20002d28   Section     2048  arm_startup_nrf51.o(STACK)
    Stack_Mem                                0x20002d28   Data        2048  arm_startup_nrf51.o(STACK)
    __initial_sp                             0x20003528   Data           0  arm_startup_nrf51.o(STACK)

    Global Symbols

    Symbol Name                              Value     Ov Type        Size  Object(Section)

    BuildAttributes$$THM_ISAv3M$S$PE$A:L22$X:L11$S22$IEEE1$IW$USESV6$~STKCKD$USESV7$ENUMINT$~SHL$OSPACE$ROPI$EBA8$UX$STANDARDLIB$REQ8$PRES8$EABIv2 0x00000000   Number         0  anon$$obj.o ABSOLUTE
    __ARM_use_no_argv                        0x00000000   Number         0  main.o ABSOLUTE
    __ARM_exceptions_init                     - Undefined Weak Reference
    __alloca_initialize                       - Undefined Weak Reference
    __cpp_initialize__aeabi_                  - Undefined Weak Reference
    __cxa_finalize                            - Undefined Weak Reference
    __rt_locale                               - Undefined Weak Reference
    __sigvec_lookup                           - Undefined Weak Reference
    _atexit_init                              - Undefined Weak Reference
    _call_atexit_fns                          - Undefined Weak Reference
    _clock_init                               - Undefined Weak Reference
    _fp_trap_init                             - Undefined Weak Reference
    _fp_trap_shutdown                         - Undefined Weak Reference
    _get_lc_collate                           - Undefined Weak Reference
    _get_lc_ctype                             - Undefined Weak Reference
    _get_lc_monetary                          - Undefined Weak Reference
    _get_lc_numeric                           - Undefined Weak Reference
    _get_lc_time                              - Undefined Weak Reference
    _getenv_init                              - Undefined Weak Reference
    _handle_redirection                       - Undefined Weak Reference
    _init_alloc                               - Undefined Weak Reference
    _init_user_alloc                          - Undefined Weak Reference
    _initio                                   - Undefined Weak Reference
    _printf_post_padding                      - Undefined Weak Reference
    _printf_pre_padding                       - Undefined Weak Reference
    _printf_truncate_unsigned                 - Undefined Weak Reference
    _rand_init                                - Undefined Weak Reference
    _signal_finish                            - Undefined Weak Reference
    _signal_init                              - Undefined Weak Reference
    _terminate_alloc                          - Undefined Weak Reference
    _terminate_user_alloc                     - Undefined Weak Reference
    _terminateio                              - Undefined Weak Reference
    __Vectors_Size                           0x000000c0   Number         0  arm_startup_nrf51.o ABSOLUTE
    __Vectors                                0x00014000   Data           4  arm_startup_nrf51.o(RESET)
    __Vectors_End                            0x000140c0   Data           0  arm_startup_nrf51.o(RESET)
    __main                                   0x000140c1   Thumb Code     8  __main.o(!!!main)
    __scatterload                            0x000140c9   Thumb Code     0  __scatter.o(!!!scatter)
    __scatterload_rt2                        0x000140c9   Thumb Code    52  __scatter.o(!!!scatter)
    __scatterload_rt2_thumb_only             0x000140c9   Thumb Code     0  __scatter.o(!!!scatter)
    __scatterload_null                       0x000140d9   Thumb Code     0  __scatter.o(!!!scatter)
    __scatterload_copy                       0x00014105   Thumb Code    26  __scatter_copy.o(!!handler_copy)
    __scatterload_zeroinit                   0x00014121   Thumb Code    28  __scatter_zi.o(!!handler_zi)
    _printf_percent                          0x0001413d   Thumb Code     0  _printf_percent.o(.ARM.Collect$$_printf_percent$$00000000)
    _printf_x                                0x0001413f   Thumb Code     0  _printf_x.o(.ARM.Collect$$_printf_percent$$0000000C)
    _printf_percent_end                      0x00014149   Thumb Code     0  _printf_percent_end.o(.ARM.Collect$$_printf_percent$$00000017)
    __rt_lib_init                            0x0001414d   Thumb Code     0  libinit.o(.ARM.Collect$$libinit$$00000000)
    __rt_lib_init_fp_1                       0x0001414f   Thumb Code     0  libinit2.o(.ARM.Collect$$libinit$$00000001)
    __rt_lib_init_alloca_1                   0x00014153   Thumb Code     0  libinit2.o(.ARM.Collect$$libinit$$0000002C)
    __rt_lib_init_argv_1                     0x00014153   Thumb Code     0  libinit2.o(.ARM.Collect$$libinit$$0000002A)
    __rt_lib_init_atexit_1                   0x00014153   Thumb Code     0  libinit2.o(.ARM.Collect$$libinit$$00000019)
    __rt_lib_init_clock_1                    0x00014153   Thumb Code     0  libinit2.o(.ARM.Collect$$libinit$$0000001F)
    __rt_lib_init_cpp_1                      0x00014153   Thumb Code     0  libinit2.o(.ARM.Collect$$libinit$$00000030)
    __rt_lib_init_exceptions_1               0x00014153   Thumb Code     0  libinit2.o(.ARM.Collect$$libinit$$0000002E)
    __rt_lib_init_fp_trap_1                  0x00014153   Thumb Code     0  libinit2.o(.ARM.Collect$$libinit$$0000001D)
    __rt_lib_init_getenv_1                   0x00014153   Thumb Code     0  libinit2.o(.ARM.Collect$$libinit$$00000021)
    __rt_lib_init_heap_1                     0x00014153   Thumb Code     0  libinit2.o(.ARM.Collect$$libinit$$00000008)
    __rt_lib_init_lc_collate_1               0x00014153   Thumb Code     0  libinit2.o(.ARM.Collect$$libinit$$0000000F)
    __rt_lib_init_lc_ctype_1                 0x00014153   Thumb Code     0  libinit2.o(.ARM.Collect$$libinit$$00000011)
    __rt_lib_init_lc_monetary_1              0x00014153   Thumb Code     0  libinit2.o(.ARM.Collect$$libinit$$00000013)
    __rt_lib_init_lc_numeric_1               0x00014153   Thumb Code     0  libinit2.o(.ARM.Collect$$libinit$$00000015)
    __rt_lib_init_lc_time_1                  0x00014153   Thumb Code     0  libinit2.o(.ARM.Collect$$libinit$$00000017)
    __rt_lib_init_rand_1                     0x00014153   Thumb Code     0  libinit2.o(.ARM.Collect$$libinit$$0000000C)
    __rt_lib_init_return                     0x00014153   Thumb Code     0  libinit2.o(.ARM.Collect$$libinit$$00000031)
    __rt_lib_init_signal_1                   0x00014153   Thumb Code     0  libinit2.o(.ARM.Collect$$libinit$$0000001B)
    __rt_lib_init_stdio_1                    0x00014153   Thumb Code     0  libinit2.o(.ARM.Collect$$libinit$$00000023)
    __rt_lib_init_user_alloc_1               0x00014153   Thumb Code     0  libinit2.o(.ARM.Collect$$libinit$$0000000A)
    __rt_lib_shutdown                        0x00014155   Thumb Code     0  libshutdown.o(.ARM.Collect$$libshutdown$$00000000)
    __rt_lib_shutdown_fp_trap_1              0x00014157   Thumb Code     0  libshutdown2.o(.ARM.Collect$$libshutdown$$00000006)
    __rt_lib_shutdown_heap_1                 0x00014157   Thumb Code     0  libshutdown2.o(.ARM.Collect$$libshutdown$$0000000E)
    __rt_lib_shutdown_return                 0x00014157   Thumb Code     0  libshutdown2.o(.ARM.Collect$$libshutdown$$0000000F)
    __rt_lib_shutdown_signal_1               0x00014157   Thumb Code     0  libshutdown2.o(.ARM.Collect$$libshutdown$$00000009)
    __rt_lib_shutdown_stdio_1                0x00014157   Thumb Code     0  libshutdown2.o(.ARM.Collect$$libshutdown$$00000003)
    __rt_lib_shutdown_user_alloc_1           0x00014157   Thumb Code     0  libshutdown2.o(.ARM.Collect$$libshutdown$$0000000B)
    __rt_entry                               0x00014159   Thumb Code     0  rtentry.o(.ARM.Collect$$rtentry$$00000000)
    __rt_entry_presh_1                       0x00014159   Thumb Code     0  rtentry2.o(.ARM.Collect$$rtentry$$00000002)
    __rt_entry_sh                            0x00014159   Thumb Code     0  rtentry4.o(.ARM.Collect$$rtentry$$00000004)
    __rt_entry_li                            0x0001415f   Thumb Code     0  rtentry2.o(.ARM.Collect$$rtentry$$0000000A)
    __rt_entry_postsh_1                      0x0001415f   Thumb Code     0  rtentry2.o(.ARM.Collect$$rtentry$$00000009)
    __rt_entry_main                          0x00014163   Thumb Code     0  rtentry2.o(.ARM.Collect$$rtentry$$0000000D)
    __rt_entry_postli_1                      0x00014163   Thumb Code     0  rtentry2.o(.ARM.Collect$$rtentry$$0000000C)
    __rt_exit                                0x0001416b   Thumb Code     0  rtexit.o(.ARM.Collect$$rtexit$$00000000)
    __rt_exit_ls                             0x0001416d   Thumb Code     0  rtexit2.o(.ARM.Collect$$rtexit$$00000003)
    __rt_exit_prels_1                        0x0001416d   Thumb Code     0  rtexit2.o(.ARM.Collect$$rtexit$$00000002)
    __rt_exit_exit                           0x00014171   Thumb Code     0  rtexit2.o(.ARM.Collect$$rtexit$$00000004)
    __asm___13_simple_uart_c_5dda6715__nrf_delay_us 0x00014179   Thumb Code    30  simple_uart.o(.emb_text)
    __asm___11_app_timer_c_cd27f9c3__nrf_delay_us 0x00014199   Thumb Code    30  app_timer.o(.emb_text)
    __aeabi_memcpy4                          0x000141b9   Thumb Code    56  rt_memcpy.o(.emb_text)
    __aeabi_memcpy8                          0x000141b9   Thumb Code     0  rt_memcpy.o(.emb_text)
    Reset_Handler                            0x000141f1   Thumb Code    18  arm_startup_nrf51.o(.text)
    NMI_Handler                              0x00014203   Thumb Code     2  arm_startup_nrf51.o(.text)
    HardFault_Handler                        0x00014205   Thumb Code     2  arm_startup_nrf51.o(.text)
    SVC_Handler                              0x00014207   Thumb Code     2  arm_startup_nrf51.o(.text)
    PendSV_Handler                           0x00014209   Thumb Code     2  arm_startup_nrf51.o(.text)
    SysTick_Handler                          0x0001420b   Thumb Code     2  arm_startup_nrf51.o(.text)
    ADC_IRQHandler                           0x0001420d   Thumb Code     0  arm_startup_nrf51.o(.text)
    CCM_AAR_IRQHandler                       0x0001420d   Thumb Code     0  arm_startup_nrf51.o(.text)
    ECB_IRQHandler                           0x0001420d   Thumb Code     0  arm_startup_nrf51.o(.text)
    LPCOMP_IRQHandler                        0x0001420d   Thumb Code     0  arm_startup_nrf51.o(.text)
    POWER_CLOCK_IRQHandler                   0x0001420d   Thumb Code     0  arm_startup_nrf51.o(.text)
    QDEC_IRQHandler                          0x0001420d   Thumb Code     0  arm_startup_nrf51.o(.text)
    RADIO_IRQHandler                         0x0001420d   Thumb Code     0  arm_startup_nrf51.o(.text)
    RNG_IRQHandler                           0x0001420d   Thumb Code     0  arm_startup_nrf51.o(.text)
    RTC0_IRQHandler                          0x0001420d   Thumb Code     0  arm_startup_nrf51.o(.text)
    SPI0_TWI0_IRQHandler                     0x0001420d   Thumb Code     0  arm_startup_nrf51.o(.text)
    SPI1_TWI1_IRQHandler                     0x0001420d   Thumb Code     0  arm_startup_nrf51.o(.text)
    SWI1_IRQHandler                          0x0001420d   Thumb Code     0  arm_startup_nrf51.o(.text)
    SWI3_IRQHandler                          0x0001420d   Thumb Code     0  arm_startup_nrf51.o(.text)
    SWI4_IRQHandler                          0x0001420d   Thumb Code     0  arm_startup_nrf51.o(.text)
    SWI5_IRQHandler                          0x0001420d   Thumb Code     0  arm_startup_nrf51.o(.text)
    TEMP_IRQHandler                          0x0001420d   Thumb Code     0  arm_startup_nrf51.o(.text)
    TIMER0_IRQHandler                        0x0001420d   Thumb Code     0  arm_startup_nrf51.o(.text)
    TIMER1_IRQHandler                        0x0001420d   Thumb Code     0  arm_startup_nrf51.o(.text)
    TIMER2_IRQHandler                        0x0001420d   Thumb Code     0  arm_startup_nrf51.o(.text)
    WDT_IRQHandler                           0x0001420d   Thumb Code     0  arm_startup_nrf51.o(.text)
    __user_initial_stackheap                 0x00014211   Thumb Code     0  arm_startup_nrf51.o(.text)
    SystemCoreClockUpdate                    0x00014239   Thumb Code     8  system_nrf51.o(.text)
    SystemInit                               0x000142cf   Thumb Code    38  system_nrf51.o(.text)
    app_error_handler                        0x0001437f   Thumb Code    24  main.o(.text)
    assert_nrf_callback                      0x00014397   Thumb Code    14  main.o(.text)
    nus_data_handler                         0x000144e3   Thumb Code    26  main.o(.text)
    advertising_start                        0x000145fb   Thumb Code    68  main.o(.text)
    advertising_stop                         0x0001463f   Thumb Code     4  main.o(.text)
    ble_stop_current_connect                 0x00014841   Thumb Code    36  main.o(.text)
    ready_to_sleep                           0x00014887   Thumb Code    26  main.o(.text)
    uart_power_off                           0x000148a1   Thumb Code    22  main.o(.text)
    uart_delay_send_handle                   0x000148b7   Thumb Code    88  main.o(.text)
    uart_reinit                              0x00014947   Thumb Code    64  main.o(.text)
    UART0_IRQHandler                         0x00014987   Thumb Code   102  main.o(.text)
    main                                     0x000149ed   Thumb Code   120  main.o(.text)
    ble_nus_on_ble_evt                       0x00014c43   Thumb Code    70  ble_nus.o(.text)
    ble_nus_init                             0x00014c89   Thumb Code    88  ble_nus.o(.text)
    ble_nus_send_string                      0x00014ce1   Thumb Code    84  ble_nus.o(.text)
    ble_advdata_set                          0x000152b9   Thumb Code   122  ble_advdata.o(.text)
    ble_conn_params_init                     0x000153ef   Thumb Code    90  ble_conn_params.o(.text)
    ble_conn_params_stop                     0x00015449   Thumb Code    12  ble_conn_params.o(.text)
    ble_conn_params_on_ble_evt               0x00015597   Thumb Code    62  ble_conn_params.o(.text)
    ble_conn_params_change_conn_params       0x000155d5   Thumb Code    86  ble_conn_params.o(.text)
    softdevice_assertion_handler             0x00015651   Thumb Code    18  softdevice_handler.o(.text)
    intern_softdevice_events_execute         0x00015663   Thumb Code   168  softdevice_handler.o(.text)
    softdevice_handler_init                  0x0001570b   Thumb Code    82  softdevice_handler.o(.text)
    softdevice_handler_sd_disable            0x0001575d   Thumb Code    24  softdevice_handler.o(.text)
    softdevice_ble_evt_handler_set           0x00015775   Thumb Code    18  softdevice_handler.o(.text)
    softdevice_sys_evt_handler_set           0x00015787   Thumb Code    18  softdevice_handler.o(.text)
    SWI2_IRQHandler                          0x00015799   Thumb Code    52  softdevice_handler.o(.text)
    simple_uart_get                          0x00015821   Thumb Code    54  simple_uart.o(.text)
    simple_uart_get_with_timeout             0x00015857   Thumb Code    62  simple_uart.o(.text)
    simple_uart_put                          0x00015895   Thumb Code    54  simple_uart.o(.text)
    simple_uart_putstring                    0x000158cb   Thumb Code    32  simple_uart.o(.text)
    simple_uart_config                       0x000158eb   Thumb Code    90  simple_uart.o(.text)
    ble_log                                  0x00015945   Thumb Code     2  simple_uart.o(.text)
    RTC1_IRQHandler                          0x00016111   Thumb Code    34  app_timer.o(.text)
    SWI0_IRQHandler                          0x00016133   Thumb Code     8  app_timer.o(.text)
    app_timer_init                           0x0001613b   Thumb Code   254  app_timer.o(.text)
    app_timer_create                         0x00016239   Thumb Code   108  app_timer.o(.text)
    app_timer_start                          0x000162c7   Thumb Code    98  app_timer.o(.text)
    app_timer_stop                           0x00016329   Thumb Code    60  app_timer.o(.text)
    app_timer_stop_all                       0x00016365   Thumb Code    26  app_timer.o(.text)
    app_timer_cnt_get                        0x0001637f   Thumb Code    14  app_timer.o(.text)
    app_timer_cnt_diff_compute               0x0001638d   Thumb Code    22  app_timer.o(.text)
    GPIOTE_IRQHandler                        0x000164cd   Thumb Code   154  app_gpiote.o(.text)
    app_gpiote_init                          0x000165c7   Thumb Code   114  app_gpiote.o(.text)
    app_gpiote_user_register                 0x00016639   Thumb Code   138  app_gpiote.o(.text)
    app_gpiote_user_enable                   0x000166c3   Thumb Code   222  app_gpiote.o(.text)
    app_gpiote_user_disable                  0x000167a1   Thumb Code    66  app_gpiote.o(.text)
    app_gpiote_pins_state_get                0x000167e3   Thumb Code    52  app_gpiote.o(.text)
    app_sched_init                           0x000168ad   Thumb Code    64  app_scheduler.o(.text)
    app_sched_event_put                      0x000168ed   Thumb Code   238  app_scheduler.o(.text)
    app_sched_execute                        0x00016a2f   Thumb Code    30  app_scheduler.o(.text)
    AT_cmd_parser                            0x00016b0d   Thumb Code    62  at_cmd.o(.text)
    handle_delay_exe_fun                     0x00016b4b   Thumb Code    58  at_cmd.o(.text)
    store_ble_info                           0x00016b85   Thumb Code    50  at_cmd.o(.text)
    init_user_data                           0x00016bb7   Thumb Code   146  at_cmd.o(.text)
    get_ble_name                             0x00016c49   Thumb Code     4  at_cmd.o(.text)
    cmd_manage_ble_name                      0x00016c4d   Thumb Code    60  at_cmd.o(.text)
    cmd_close_ad                             0x00016c89   Thumb Code    62  at_cmd.o(.text)
    cmd_at_reset                             0x00016cc7   Thumb Code    28  at_cmd.o(.text)
    cmd_at_change_boud                       0x00016ce3   Thumb Code   124  at_cmd.o(.text)
    cmd_at_mac                               0x00016d5f   Thumb Code    58  at_cmd.o(.text)
    task_fun                                 0x00016e31   Thumb Code     2  min_task_schedule.o(.text)
    heart_interrupt_handle                   0x00016e33   Thumb Code     8  min_task_schedule.o(.text)
    init_task_schedule                       0x00016e3b   Thumb Code    26  min_task_schedule.o(.text)
    task_set                                 0x00016e55   Thumb Code    12  min_task_schedule.o(.text)
    task_restart                             0x00016e61   Thumb Code    30  min_task_schedule.o(.text)
    task_stop                                0x00016e7f   Thumb Code    16  min_task_schedule.o(.text)
    task_schedule                            0x00016e8f   Thumb Code   132  min_task_schedule.o(.text)
    enter_system_off                         0x00016f25   Thumb Code    52  user_ble_control.o(.text)
    write_ble_status                         0x00016f59   Thumb Code    34  user_ble_control.o(.text)
    gpio_event_handler                       0x00016f7b   Thumb Code    80  user_ble_control.o(.text)
    init_user_ble_control                    0x00016fcb   Thumb Code   132  user_ble_control.o(.text)
    get_uart_enable_pin_state                0x0001704f   Thumb Code    34  user_ble_control.o(.text)
    __2sprintf                               0x00017161   Thumb Code    36  noretval__2sprintf.o(.text)
    __printf                                 0x00017189   Thumb Code   108  __printf.o(.text)
    _printf_int_hex                          0x000171f5   Thumb Code    84  _printf_hex_int.o(.text)
    _printf_longlong_hex                     0x000171f5   Thumb Code     0  _printf_hex_int.o(.text)
    strstr                                   0x0001724d   Thumb Code    40  strstr.o(.text)
    strcpy                                   0x00017275   Thumb Code    70  strcpy.o(.text)
    strlen                                   0x000172c1   Thumb Code    62  strlen.o(.text)
    __aeabi_memcpy                           0x00017305   Thumb Code   130  rt_memcpy.o(.text)
    __rt_memcpy                              0x00017305   Thumb Code     0  rt_memcpy.o(.text)
    _memset_w                                0x00017387   Thumb Code    26  rt_memclr.o(.text)
    _memset                                  0x000173a1   Thumb Code    30  rt_memclr.o(.text)
    __aeabi_memclr                           0x000173bf   Thumb Code     4  rt_memclr.o(.text)
    __rt_memclr                              0x000173bf   Thumb Code     0  rt_memclr.o(.text)
    __aeabi_memclr4                          0x000173c3   Thumb Code     0  rt_memclr.o(.text)
    __aeabi_memclr8                          0x000173c3   Thumb Code     0  rt_memclr.o(.text)
    __rt_memclr_w                            0x000173c3   Thumb Code     4  rt_memclr.o(.text)
    strcmp                                   0x000173c9   Thumb Code   132  strcmp.o(.text)
    __aeabi_uidiv                            0x00017451   Thumb Code     0  aeabi_sdiv.o(.text)
    __aeabi_uidivmod                         0x00017451   Thumb Code    20  aeabi_sdiv.o(.text)
    __aeabi_idiv                             0x00017465   Thumb Code     0  aeabi_sdiv.o(.text)
    __aeabi_idivmod                          0x00017465   Thumb Code   326  aeabi_sdiv.o(.text)
    __use_two_region_memory                  0x000175ab   Thumb Code     2  heapauxi.o(.text)
    __rt_heap_escrow$2region                 0x000175ad   Thumb Code     2  heapauxi.o(.text)
    __rt_heap_expand$2region                 0x000175af   Thumb Code     2  heapauxi.o(.text)
    _printf_int_common                       0x000175b1   Thumb Code   176  _printf_intcommon.o(.text)
    _printf_char_common                      0x0001766b   Thumb Code    32  _printf_char_common.o(.text)
    _sputc                                   0x00017691   Thumb Code    10  _sputc.o(.text)
    __user_setup_stackheap                   0x0001769b   Thumb Code    62  sys_stackheap_outer.o(.text)
    exit                                     0x000176d9   Thumb Code    12  exit.o(.text)
    __user_libspace                          0x000176e5   Thumb Code     8  libspace.o(.text)
    __user_perproc_libspace                  0x000176e5   Thumb Code     0  libspace.o(.text)
    __user_perthread_libspace                0x000176e5   Thumb Code     0  libspace.o(.text)
    _sys_exit                                0x000176ed   Thumb Code     8  sys_exit.o(.text)
    __I$use$semihosting                      0x000176f9   Thumb Code     0  use_no_semi.o(.text)
    __use_no_semihosting_swi                 0x000176f9   Thumb Code     2  use_no_semi.o(.text)
    __semihosting_library_function           0x000176fb   Thumb Code     0  indicate_semi.o(.text)
    Region$$Table$$Base                      0x00017750   Number         0  anon$$obj.o(Region$$Table)
    Region$$Table$$Limit                     0x00017770   Number         0  anon$$obj.o(Region$$Table)
    SystemCoreClock                          0x20002000   Data           4  system_nrf51.o(.data)
    at_cmds                                  0x20002084   Data          40  at_cmd.o(.data)
    is_task_heart_interrupt                  0x200020ac   Data           4  min_task_schedule.o(.data)
    tasks                                    0x200020b0   Data          60  min_task_schedule.o(.data)
    ble_info                                 0x20002448   Data          64  at_cmd.o(.bss)
    __libspace_start                         0x200024c4   Data          96  libspace.o(.bss)
    __temporary_stack_top$libspace           0x20002524   Data           0  libspace.o(.bss)



==============================================================================

Memory Map of the image

  Image Entry point : 0x000140c1

  Load Region LR_IROM1 (Base: 0x00014000, Size: 0x00003864, Max: 0x0002b000, ABSOLUTE)

    Execution Region ER_IROM1 (Base: 0x00014000, Size: 0x00003770, Max: 0x0002b000, ABSOLUTE)

    Base Addr    Size         Type   Attr      Idx    E Section Name        Object

    0x00014000   0x000000c0   Data   RO            3    RESET               arm_startup_nrf51.o
    0x000140c0   0x00000008   Code   RO          779  * !!!main             c_p.l(__main.o)
    0x000140c8   0x0000003c   Code   RO          954    !!!scatter          c_p.l(__scatter.o)
    0x00014104   0x0000001a   Code   RO          956    !!handler_copy      c_p.l(__scatter_copy.o)
    0x0001411e   0x00000002   PAD
    0x00014120   0x0000001c   Code   RO          958    !!handler_zi        c_p.l(__scatter_zi.o)
    0x0001413c   0x00000002   Code   RO          758    .ARM.Collect$$_printf_percent$$00000000  c_p.l(_printf_percent.o)
    0x0001413e   0x0000000a   Code   RO          757    .ARM.Collect$$_printf_percent$$0000000C  c_p.l(_printf_x.o)
    0x00014148   0x00000004   Code   RO          792    .ARM.Collect$$_printf_percent$$00000017  c_p.l(_printf_percent_end.o)
    0x0001414c   0x00000002   Code   RO          826    .ARM.Collect$$libinit$$00000000  c_p.l(libinit.o)
    0x0001414e   0x00000004   Code   RO          839    .ARM.Collect$$libinit$$00000001  c_p.l(libinit2.o)
    0x00014152   0x00000000   Code   RO          843    .ARM.Collect$$libinit$$00000008  c_p.l(libinit2.o)
    0x00014152   0x00000000   Code   RO          845    .ARM.Collect$$libinit$$0000000A  c_p.l(libinit2.o)
    0x00014152   0x00000000   Code   RO          847    .ARM.Collect$$libinit$$0000000C  c_p.l(libinit2.o)
    0x00014152   0x00000000   Code   RO          850    .ARM.Collect$$libinit$$0000000F  c_p.l(libinit2.o)
    0x00014152   0x00000000   Code   RO          852    .ARM.Collect$$libinit$$00000011  c_p.l(libinit2.o)
    0x00014152   0x00000000   Code   RO          854    .ARM.Collect$$libinit$$00000013  c_p.l(libinit2.o)
    0x00014152   0x00000000   Code   RO          856    .ARM.Collect$$libinit$$00000015  c_p.l(libinit2.o)
    0x00014152   0x00000000   Code   RO          858    .ARM.Collect$$libinit$$00000017  c_p.l(libinit2.o)
    0x00014152   0x00000000   Code   RO          860    .ARM.Collect$$libinit$$00000019  c_p.l(libinit2.o)
    0x00014152   0x00000000   Code   RO          862    .ARM.Collect$$libinit$$0000001B  c_p.l(libinit2.o)
    0x00014152   0x00000000   Code   RO          864    .ARM.Collect$$libinit$$0000001D  c_p.l(libinit2.o)
    0x00014152   0x00000000   Code   RO          866    .ARM.Collect$$libinit$$0000001F  c_p.l(libinit2.o)
    0x00014152   0x00000000   Code   RO          868    .ARM.Collect$$libinit$$00000021  c_p.l(libinit2.o)
    0x00014152   0x00000000   Code   RO          870    .ARM.Collect$$libinit$$00000023  c_p.l(libinit2.o)
    0x00014152   0x00000000   Code   RO          874    .ARM.Collect$$libinit$$0000002A  c_p.l(libinit2.o)
    0x00014152   0x00000000   Code   RO          876    .ARM.Collect$$libinit$$0000002C  c_p.l(libinit2.o)
    0x00014152   0x00000000   Code   RO          878    .ARM.Collect$$libinit$$0000002E  c_p.l(libinit2.o)
    0x00014152   0x00000000   Code   RO          880    .ARM.Collect$$libinit$$00000030  c_p.l(libinit2.o)
    0x00014152   0x00000002   Code   RO          881    .ARM.Collect$$libinit$$00000031  c_p.l(libinit2.o)
    0x00014154   0x00000002   Code   RO          912    .ARM.Collect$$libshutdown$$00000000  c_p.l(libshutdown.o)
    0x00014156   0x00000000   Code   RO          939    .ARM.Collect$$libshutdown$$00000003  c_p.l(libshutdown2.o)
    0x00014156   0x00000000   Code   RO          942    .ARM.Collect$$libshutdown$$00000006  c_p.l(libshutdown2.o)
    0x00014156   0x00000000   Code   RO          945    .ARM.Collect$$libshutdown$$00000009  c_p.l(libshutdown2.o)
    0x00014156   0x00000000   Code   RO          947    .ARM.Collect$$libshutdown$$0000000B  c_p.l(libshutdown2.o)
    0x00014156   0x00000000   Code   RO          950    .ARM.Collect$$libshutdown$$0000000E  c_p.l(libshutdown2.o)
    0x00014156   0x00000002   Code   RO          951    .ARM.Collect$$libshutdown$$0000000F  c_p.l(libshutdown2.o)
    0x00014158   0x00000000   Code   RO          781    .ARM.Collect$$rtentry$$00000000  c_p.l(rtentry.o)
    0x00014158   0x00000000   Code   RO          794    .ARM.Collect$$rtentry$$00000002  c_p.l(rtentry2.o)
    0x00014158   0x00000006   Code   RO          806    .ARM.Collect$$rtentry$$00000004  c_p.l(rtentry4.o)
    0x0001415e   0x00000000   Code   RO          796    .ARM.Collect$$rtentry$$00000009  c_p.l(rtentry2.o)
    0x0001415e   0x00000004   Code   RO          797    .ARM.Collect$$rtentry$$0000000A  c_p.l(rtentry2.o)
    0x00014162   0x00000000   Code   RO          799    .ARM.Collect$$rtentry$$0000000C  c_p.l(rtentry2.o)
    0x00014162   0x00000008   Code   RO          800    .ARM.Collect$$rtentry$$0000000D  c_p.l(rtentry2.o)
    0x0001416a   0x00000002   Code   RO          831    .ARM.Collect$$rtexit$$00000000  c_p.l(rtexit.o)
    0x0001416c   0x00000000   Code   RO          885    .ARM.Collect$$rtexit$$00000002  c_p.l(rtexit2.o)
    0x0001416c   0x00000004   Code   RO          886    .ARM.Collect$$rtexit$$00000003  c_p.l(rtexit2.o)
    0x00014170   0x00000006   Code   RO          887    .ARM.Collect$$rtexit$$00000004  c_p.l(rtexit2.o)
    0x00014176   0x00000002   PAD
    0x00014178   0x0000001e   Code   RO          471    .emb_text           simple_uart.o
    0x00014196   0x00000002   PAD
    0x00014198   0x0000001e   Code   RO          504    .emb_text           app_timer.o
    0x000141b6   0x00000002   PAD
    0x000141b8   0x00000038   Code   RO          765    .emb_text           c_p.l(rt_memcpy.o)
    0x000141f0   0x00000048   Code   RO            4    .text               arm_startup_nrf51.o
    0x00014238   0x000000d8   Code   RO           12    .text               system_nrf51.o
    0x00014310   0x000007d8   Code   RO           69    .text               main.o
    0x00014ae8   0x00000260   Code   RO          283    .text               ble_nus.o
    0x00014d48   0x00000600   Code   RO          330    .text               ble_advdata.o
    0x00015348   0x00000308   Code   RO          359    .text               ble_conn_params.o
    0x00015650   0x000001d0   Code   RO          401    .text               softdevice_handler.o
    0x00015820   0x00000160   Code   RO          472    .text               simple_uart.o
    0x00015980   0x00000ad0   Code   RO          505    .text               app_timer.o
    0x00016450   0x0000045c   Code   RO          546    .text               app_gpiote.o
    0x000168ac   0x00000260   Code   RO          583    .text               app_scheduler.o
    0x00016b0c   0x00000324   Code   RO          617    .text               at_cmd.o
    0x00016e30   0x000000f4   Code   RO          654    .text               min_task_schedule.o
    0x00016f24   0x0000023c   Code   RO          677    .text               user_ble_control.o
    0x00017160   0x00000028   Code   RO          712    .text               c_p.l(noretval__2sprintf.o)
    0x00017188   0x0000006c   Code   RO          714    .text               c_p.l(__printf.o)
    0x000171f4   0x00000058   Code   RO          719    .text               c_p.l(_printf_hex_int.o)
    0x0001724c   0x00000028   Code   RO          759    .text               c_p.l(strstr.o)
    0x00017274   0x0000004c   Code   RO          761    .text               c_p.l(strcpy.o)
    0x000172c0   0x00000044   Code   RO          763    .text               c_p.l(strlen.o)
    0x00017304   0x00000082   Code   RO          766    .text               c_p.l(rt_memcpy.o)
    0x00017386   0x00000040   Code   RO          769    .text               c_p.l(rt_memclr.o)
    0x000173c6   0x00000002   PAD
    0x000173c8   0x00000088   Code   RO          771    .text               c_p.l(strcmp.o)
    0x00017450   0x0000015a   Code   RO          773    .text               c_p.l(aeabi_sdiv.o)
    0x000175aa   0x00000006   Code   RO          777    .text               c_p.l(heapauxi.o)
    0x000175b0   0x000000b0   Code   RO          786    .text               c_p.l(_printf_intcommon.o)
    0x00017660   0x00000030   Code   RO          788    .text               c_p.l(_printf_char_common.o)
    0x00017690   0x0000000a   Code   RO          790    .text               c_p.l(_sputc.o)
    0x0001769a   0x0000003e   Code   RO          812    .text               c_p.l(sys_stackheap_outer.o)
    0x000176d8   0x0000000c   Code   RO          815    .text               c_p.l(exit.o)
    0x000176e4   0x00000008   Code   RO          827    .text               c_p.l(libspace.o)
    0x000176ec   0x0000000c   Code   RO          882    .text               c_p.l(sys_exit.o)
    0x000176f8   0x00000002   Code   RO          901    .text               c_p.l(use_no_semi.o)
    0x000176fa   0x00000000   Code   RO          903    .text               c_p.l(indicate_semi.o)
    0x000176fa   0x00000002   PAD
    0x000176fc   0x00000004   Data   RO           71    .constdata          main.o
    0x00017700   0x00000028   Data   RO          720    .constdata          c_p.l(_printf_hex_int.o)
    0x00017728   0x00000027   Data   RO          619    .conststring        at_cmd.o
    0x0001774f   0x00000001   PAD
    0x00017750   0x00000020   Data   RO          952    Region$$Table       anon$$obj.o


    Execution Region RW_IRAM1 (Base: 0x20002000, Size: 0x00001528, Max: 0x00002000, ABSOLUTE)

    Base Addr    Size         Type   Attr      Idx    E Section Name        Object

    0x20002000   0x00000004   Data   RW           13    .data               system_nrf51.o
    0x20002004   0x0000000a   Data   RW           72    .data               main.o
    0x2000200e   0x00000002   PAD
    0x20002010   0x0000001c   Data   RW          361    .data               ble_conn_params.o
    0x2000202c   0x00000018   Data   RW          402    .data               softdevice_handler.o
    0x20002044   0x00000024   Data   RW          506    .data               app_timer.o
    0x20002068   0x0000000a   Data   RW          547    .data               app_gpiote.o
    0x20002072   0x00000002   PAD
    0x20002074   0x0000000e   Data   RW          584    .data               app_scheduler.o
    0x20002082   0x00000002   PAD
    0x20002084   0x00000028   Data   RW          620    .data               at_cmd.o
    0x200020ac   0x00000044   Data   RW          655    .data               min_task_schedule.o
    0x200020f0   0x00000001   Data   RW          679    .data               user_ble_control.o
    0x200020f1   0x00000003   PAD
    0x200020f4   0x00000336   Zero   RW           70    .bss                main.o
    0x2000242a   0x00000002   PAD
    0x2000242c   0x0000001c   Zero   RW          360    .bss                ble_conn_params.o
    0x20002448   0x00000040   Zero   RW          618    .bss                at_cmd.o
    0x20002488   0x0000003c   Zero   RW          678    .bss                user_ble_control.o
    0x200024c4   0x00000060   Zero   RW          828    .bss                c_p.l(libspace.o)
    0x20002524   0x00000004   PAD
    0x20002528   0x00000800   Zero   RW            2    HEAP                arm_startup_nrf51.o
    0x20002d28   0x00000800   Zero   RW            1    STACK               arm_startup_nrf51.o


==============================================================================

Image component sizes


      Code (inc. data)   RO Data    RW Data    ZI Data      Debug   Object Name

      1116         40          0         10          0      13730   app_gpiote.o
       608         88          0         14          0      12851   app_scheduler.o
      2798        184          0         36          0      24089   app_timer.o
        72         32        192          0       4096        712   arm_startup_nrf51.o
       804        152         39         40         64      10495   at_cmd.o
      1536          4          0          0          0      10834   ble_advdata.o
       776         38          0         28         28       7438   ble_conn_params.o
       608         20          0          0          0      33310   ble_nus.o
         0          0          0          0          0      16068   ble_srv_common.o
      2008        218          4         10        822      69916   main.o
       244         18          0         68          0       2359   min_task_schedule.o
       382         20          0          0          0       5044   simple_uart.o
       464         84          0         24          0      22504   softdevice_handler.o
       216         28          0          4          0      21401   system_nrf51.o
       572        220          0          1         60       5586   user_ble_control.o

    ----------------------------------------------------------------------
     12208       1146        268        244       5072     256337   Object Totals
         0          0         32          0          0          0   (incl. Generated)
         4          0          1          9          2          0   (incl. Padding)

    ----------------------------------------------------------------------

      Code (inc. data)   RO Data    RW Data    ZI Data      Debug   Library Member Name

         8          0          0          0          0         68   __main.o
       108          0          0          0          0         76   __printf.o
        60          8          0          0          0          0   __scatter.o
        26          0          0          0          0          0   __scatter_copy.o
        28          0          0          0          0          0   __scatter_zi.o
        48          6          0          0          0         88   _printf_char_common.o
        88          4         40          0          0         72   _printf_hex_int.o
       176          0          0          0          0         84   _printf_intcommon.o
         2          0          0          0          0          0   _printf_percent.o
         4          0          0          0          0          0   _printf_percent_end.o
        10          0          0          0          0          0   _printf_x.o
        10          0          0          0          0         60   _sputc.o
       346          0          0          0          0         92   aeabi_sdiv.o
        12          0          0          0          0         64   exit.o
         6          0          0          0          0        136   heapauxi.o
         0          0          0          0          0          0   indicate_semi.o
         2          0          0          0          0          0   libinit.o
         6          0          0          0          0          0   libinit2.o
         2          0          0          0          0          0   libshutdown.o
         2          0          0          0          0          0   libshutdown2.o
         8          4          0          0         96         68   libspace.o
        40          4          0          0          0         84   noretval__2sprintf.o
        64          0          0          0          0        108   rt_memclr.o
       186          0          0          0          0        144   rt_memcpy.o
         0          0          0          0          0          0   rtentry.o
        12          0          0          0          0          0   rtentry2.o
         6          0          0          0          0          0   rtentry4.o
         2          0          0          0          0          0   rtexit.o
        10          0          0          0          0          0   rtexit2.o
       136          4          0          0          0         72   strcmp.o
        76          6          0          0          0         72   strcpy.o
        68          6          0          0          0         72   strlen.o
        40          0          0          0          0         72   strstr.o
        12          4          0          0          0         60   sys_exit.o
        62          0          0          0          0         80   sys_stackheap_outer.o
         2          0          0          0          0         68   use_no_semi.o

    ----------------------------------------------------------------------
      1676         46         40          0        100       1640   Library Totals
         8          0          0          0          4          0   (incl. Padding)

    ----------------------------------------------------------------------

      Code (inc. data)   RO Data    RW Data    ZI Data      Debug   Library Name

      1668         46         40          0         96       1640   c_p.l

    ----------------------------------------------------------------------
      1676         46         40          0        100       1640   Library Totals

    ----------------------------------------------------------------------

==============================================================================


      Code (inc. data)   RO Data    RW Data    ZI Data      Debug   

     13884       1192        308        244       5172     256241   Grand Totals
     13884       1192        308        244       5172     256241   ELF Image Totals
     13884       1192        308        244          0          0   ROM Totals

==============================================================================

    Total RO  Size (Code + RO Data)                14192 (  13.86kB)
    Total RW  Size (RW Data + ZI Data)              5416 (   5.29kB)
    Total ROM Size (Code + RO Data + RW Data)      14436 (  14.10kB)

==============================================================================

